#
# There is insufficient memory for the Java Runtime Environment to continue.
# Native memory allocation (mmap) failed to map 65536 bytes. Error detail: Failed to commit metaspace.
# Possible reasons:
#   The system is out of physical RAM or swap space
#   This process is running with CompressedOops enabled, and the Java Heap may be blocking the growth of the native heap
# Possible solutions:
#   Reduce memory load on the system
#   Increase physical memory or swap space
#   Check if swap backing store is full
#   Decrease Java heap size (-Xmx/-Xms)
#   Decrease number of Java threads
#   Decrease Java thread stack sizes (-Xss)
#   Set larger code cache with -XX:ReservedCodeCacheSize=
#   JVM is running with Unscaled Compressed Oops mode in which the Java heap is
#     placed in the first 4GB address space. The Java Heap base address is the
#     maximum limit for the native heap growth. Please use -XX:HeapBaseMinAddress
#     to set the Java Heap base and to place the Java Heap above 4GB virtual address.
# This output file may be truncated or incomplete.
#
#  Out of Memory Error (virtualSpaceNode.cpp:113), pid=28524, tid=21568
#
# JRE version: OpenJDK Runtime Environment Temurin-21.0.11+10 (21.0.11+10) (build 21.0.11+10-LTS)
# Java VM: OpenJDK 64-Bit Server VM Temurin-21.0.11+10 (21.0.11+10-LTS, mixed mode, sharing, tiered, compressed oops, compressed class ptrs, parallel gc, windows-amd64)
# No core dump will be written. Minidumps are not enabled by default on client versions of Windows
#

---------------  S U M M A R Y ------------

Command Line: --add-modules=ALL-SYSTEM --add-opens=java.base/java.util=ALL-UNNAMED --add-opens=java.base/java.lang=ALL-UNNAMED --add-opens=java.base/sun.nio.fs=ALL-UNNAMED -Declipse.application=org.eclipse.jdt.ls.core.id1 -Dosgi.bundles.defaultStartLevel=4 -Declipse.product=org.eclipse.jdt.ls.core.product -Djava.import.generatesMetadataFilesAtProjectRoot=false -DDetectVMInstallationsJob.disabled=true -Dfile.encoding=utf8 -XX:+UseParallelGC -XX:GCTimeRatio=4 -XX:AdaptiveSizePolicyWeight=90 -Dsun.zip.disableMemoryMapping=true -Xmx2G -Xms100m -Xlog:disable -javaagent:c:\Users\ASUS\.antigravity-ide\extensions\redhat.java-1.55.0-win32-x64\lombok\lombok-1.18.39-4050.jar c:\Users\ASUS\.antigravity-ide\extensions\redhat.java-1.55.0-win32-x64\server\plugins\org.eclipse.equinox.launcher_1.7.200.v20260619-2039.jar -configuration c:\Users\ASUS\AppData\Roaming\Antigravity IDE\User\globalStorage\redhat.java\1.55.0\config_ss_win -data c:\Users\ASUS\AppData\Roaming\Antigravity IDE\User\workspaceStorage\f5e80974f7f325b62ac5615d53aaf365\redhat.java\ss_ws --pipe=\\.\pipe\lsp-a9504e836ebe84066f47efe52e0d00b0-sock

Host: 13th Gen Intel(R) Core(TM) i5-13500H, 16 cores, 15G,  Windows 11 , 64 bit Build 26100 (10.0.26100.8521)
Time: Sat Aug  8 12:42:53 2026 Sri Lanka Standard Time elapsed time: 1.133570 seconds (0d 0h 0m 1s)

---------------  T H R E A D  ---------------

Current thread (0x0000024e7bd72b10):  JavaThread "main"             [_thread_in_vm, id=21568, stack(0x000000bd64a00000,0x000000bd64b00000) (1024K)]

Stack: [0x000000bd64a00000,0x000000bd64b00000]
Native frames: (J=compiled Java code, j=interpreted, Vv=VM code, C=native code)
V  [jvm.dll+0x6d7e19]
V  [jvm.dll+0x8b5096]
V  [jvm.dll+0x8b764e]
V  [jvm.dll+0x8b7d33]
V  [jvm.dll+0x284596]
V  [jvm.dll+0x8b0dde]
V  [jvm.dll+0x6795e4]
V  [jvm.dll+0x1e849b]
V  [jvm.dll+0x1e825e]
V  [jvm.dll+0x67bee2]
V  [jvm.dll+0x67bd12]
V  [jvm.dll+0x679fbe]
V  [jvm.dll+0x26f816]
V  [jvm.dll+0x21a11f]
V  [jvm.dll+0x20f80e]
V  [jvm.dll+0x5b658f]
V  [jvm.dll+0x82f1bd]
V  [jvm.dll+0x47963e]
V  [jvm.dll+0x48c9b6]
C  [java.dll+0x1657]

Java frames: (J=compiled Java code, j=interpreted, Vv=VM code)
j  java.lang.ClassLoader.defineClass0(Ljava/lang/ClassLoader;Ljava/lang/Class;Ljava/lang/String;[BIILjava/security/ProtectionDomain;ZILjava/lang/Object;)Ljava/lang/Class;+0 java.base@21.0.11
j  java.lang.System$2.defineClass(Ljava/lang/ClassLoader;Ljava/lang/Class;Ljava/lang/String;[BLjava/security/ProtectionDomain;ZILjava/lang/Object;)Ljava/lang/Class;+17 java.base@21.0.11
j  java.lang.invoke.MethodHandles$Lookup$ClassDefiner.defineClass(ZLjava/lang/Object;)Ljava/lang/Class;+57 java.base@21.0.11
j  java.lang.invoke.InvokerBytecodeGenerator.loadMethod([B)Ljava/lang/invoke/MemberName;+22 java.base@21.0.11
j  java.lang.invoke.InvokerBytecodeGenerator.generateCustomizedCode(Ljava/lang/invoke/LambdaForm;Ljava/lang/invoke/MethodType;)Ljava/lang/invoke/MemberName;+30 java.base@21.0.11
j  java.lang.invoke.LambdaForm.compileToBytecode()V+69 java.base@21.0.11
J 662 c1 java.lang.invoke.LambdaForm.prepare()V java.base@21.0.11 (108 bytes) @ 0x0000024e000f477c [0x0000024e000f45e0+0x000000000000019c]
J 661 c1 java.lang.invoke.MethodHandle.<init>(Ljava/lang/invoke/MethodType;Ljava/lang/invoke/LambdaForm;)V java.base@21.0.11 (37 bytes) @ 0x0000024e000f3e44 [0x0000024e000f3c20+0x0000000000000224]
j  java.lang.invoke.BoundMethodHandle.<init>(Ljava/lang/invoke/MethodType;Ljava/lang/invoke/LambdaForm;)V+3 java.base@21.0.11
j  java.lang.invoke.BoundMethodHandle$Species_L.<init>(Ljava/lang/invoke/MethodType;Ljava/lang/invoke/LambdaForm;Ljava/lang/Object;)V+3 java.base@21.0.11
j  java.lang.invoke.BoundMethodHandle$Species_L.make(Ljava/lang/invoke/MethodType;Ljava/lang/invoke/LambdaForm;Ljava/lang/Object;)Ljava/lang/invoke/BoundMethodHandle;+7 java.base@21.0.11
j  java.lang.invoke.BoundMethodHandle.bindSingle(Ljava/lang/invoke/MethodType;Ljava/lang/invoke/LambdaForm;Ljava/lang/Object;)Ljava/lang/invoke/BoundMethodHandle;+3 java.base@21.0.11
j  java.lang.invoke.SimpleMethodHandle.copyWithExtendL(Ljava/lang/invoke/MethodType;Ljava/lang/invoke/LambdaForm;Ljava/lang/Object;)Ljava/lang/invoke/BoundMethodHandle;+3 java.base@21.0.11
j  java.lang.invoke.MethodHandles.argumentsWithCombiner(ZLjava/lang/invoke/MethodHandle;ILjava/lang/invoke/MethodHandle;[I)Ljava/lang/invoke/MethodHandle;+122 java.base@21.0.11
j  java.lang.invoke.MethodHandles.filterArgumentsWithCombiner(Ljava/lang/invoke/MethodHandle;ILjava/lang/invoke/MethodHandle;[I)Ljava/lang/invoke/MethodHandle;+5 java.base@21.0.11
j  java.lang.invoke.StringConcatFactory.prepender(Ljava/lang/String;Ljava/lang/Class;Ljava/lang/String;Ljava/lang/Class;)Ljava/lang/invoke/MethodHandle;+60 java.base@21.0.11
j  java.lang.invoke.StringConcatFactory.prepender(I[Ljava/lang/String;[Ljava/lang/Class;I)Ljava/lang/invoke/MethodHandle;+36 java.base@21.0.11
j  java.lang.invoke.StringConcatFactory.filterInPrependers(Ljava/lang/invoke/MethodHandle;[Ljava/lang/String;[Ljava/lang/Class;)Ljava/lang/invoke/MethodHandle;+64 java.base@21.0.11
j  java.lang.invoke.StringConcatFactory.generateMHInlineCopy(Ljava/lang/invoke/MethodType;[Ljava/lang/String;)Ljava/lang/invoke/MethodHandle;+388 java.base@21.0.11
j  java.lang.invoke.StringConcatFactory.makeConcatWithConstants(Ljava/lang/invoke/MethodHandles$Lookup;Ljava/lang/String;Ljava/lang/invoke/MethodType;Ljava/lang/String;[Ljava/lang/Object;)Ljava/lang/invoke/CallSite;+227 java.base@21.0.11
j  java.lang.invoke.DirectMethodHandle$Holder.invokeStatic(Ljava/lang/Object;Ljava/lang/Object;Ljava/lang/Object;Ljava/lang/Object;Ljava/lang/Object;Ljava/lang/Object;)Ljava/lang/Object;+18 java.base@21.0.11
j  java.lang.invoke.DelegatingMethodHandle$Holder.delegate(Ljava/lang/Object;Ljava/lang/Object;Ljava/lang/Object;Ljava/lang/Object;Ljava/lang/Object;Ljava/lang/Object;)Ljava/lang/Object;+21 java.base@21.0.11
j  java.lang.invoke.Invokers$Holder.invokeExact_MT(Ljava/lang/Object;Ljava/lang/Object;Ljava/lang/Object;Ljava/lang/Object;Ljava/lang/Object;Ljava/lang/Object;Ljava/lang/Object;)Ljava/lang/Object;+26 java.base@21.0.11
j  java.lang.invoke.BootstrapMethodInvoker.invoke(Ljava/lang/Class;Ljava/lang/invoke/MethodHandle;Ljava/lang/String;Ljava/lang/Object;Ljava/lang/Object;Ljava/lang/Class;)Ljava/lang/Object;+157 java.base@21.0.11
j  java.lang.invoke.CallSite.makeSite(Ljava/lang/invoke/MethodHandle;Ljava/lang/String;Ljava/lang/invoke/MethodType;Ljava/lang/Object;Ljava/lang/Class;)Ljava/lang/invoke/CallSite;+8 java.base@21.0.11
j  java.lang.invoke.MethodHandleNatives.linkCallSiteImpl(Ljava/lang/Class;Ljava/lang/invoke/MethodHandle;Ljava/lang/String;Ljava/lang/invoke/MethodType;Ljava/lang/Object;[Ljava/lang/Object;)Ljava/lang/invoke/MemberName;+6 java.base@21.0.11
j  java.lang.invoke.MethodHandleNatives.linkCallSite(Ljava/lang/Object;Ljava/lang/Object;Ljava/lang/Object;Ljava/lang/Object;Ljava/lang/Object;[Ljava/lang/Object;)Ljava/lang/invoke/MemberName;+45 java.base@21.0.11
v  ~StubRoutines::call_stub 0x0000024e0745100d
j  org.eclipse.equinox.launcher.Main.getInstallLocation()Ljava/net/URL;+287
j  org.eclipse.equinox.launcher.Main.processConfiguration()V+208
j  org.eclipse.equinox.launcher.Main.basicRun([Ljava/lang/String;)V+72
j  org.eclipse.equinox.launcher.Main.run([Ljava/lang/String;)I+4
j  org.eclipse.equinox.launcher.Main.main([Ljava/lang/String;)V+10
v  ~StubRoutines::call_stub 0x0000024e0745100d

Compiled method (c1) 1176  662       3       java.lang.invoke.LambdaForm::prepare (108 bytes)
 total in heap  [0x0000024e000f4390,0x0000024e000f4fc0] = 3120
 relocation     [0x0000024e000f44f0,0x0000024e000f45d0] = 224
 main code      [0x0000024e000f45e0,0x0000024e000f4c90] = 1712
 stub code      [0x0000024e000f4c90,0x0000024e000f4d28] = 152
 metadata       [0x0000024e000f4d28,0x0000024e000f4d70] = 72
 scopes data    [0x0000024e000f4d70,0x0000024e000f4e28] = 184
 scopes pcs     [0x0000024e000f4e28,0x0000024e000f4f68] = 320
 dependencies   [0x0000024e000f4f68,0x0000024e000f4f80] = 24
 nul chk table  [0x0000024e000f4f80,0x0000024e000f4fc0] = 64

[Constant Pool (empty)]

[MachCode]
[Entry Point]
  # {method} {0x0000024e1308e998} 'prepare' '()V' in 'java/lang/invoke/LambdaForm'
  #           [sp+0x70]  (sp of caller)
  0x0000024e000f45e0: 448b 5208 | 49bb 0000 | 0013 4e02 | 0000 4d03 | d34c 3bd0 

  0x0000024e000f45f4: ;   {runtime_call ic_miss_stub}
  0x0000024e000f45f4: 0f85 869e | 3a07 660f | 1f44 0000 
[Verified Entry Point]
  0x0000024e000f4600: 8984 2400 | 80ff ff55 | 4883 ec60 | 4181 7f20 | 0100 0000 

  0x0000024e000f4614: ;   {runtime_call StubRoutines (final stubs)}
  0x0000024e000f4614: 7405 e8c5 | 4339 0748 | 8954 2438 

  0x0000024e000f4620: ;   {metadata(method data for {method} {0x0000024e1308e998} 'prepare' '()V' in 'java/lang/invoke/LambdaForm')}
  0x0000024e000f4620: 48be 48b9 | 1657 4e02 | 0000 8bbe | cc00 0000 | 83c7 0289 | becc 0000 | 0081 e7fe | 0700 0085 
  0x0000024e000f4640: ff0f 8452 

  0x0000024e000f4644: ;   {metadata(method data for {method} {0x0000024e1308e998} 'prepare' '()V' in 'java/lang/invoke/LambdaForm')}
  0x0000024e000f4644: 0500 0048 | be48 b916 | 574e 0200 | 00ff 8620 | 0100 0048 

  0x0000024e000f4658: ;   {metadata(method data for {method} {0x0000024e1308e998} 'prepare' '()V' in 'java/lang/invoke/LambdaForm')}
  0x0000024e000f4658: 8bf2 48bf | 48b9 1657 | 4e02 0000 | 4883 8730 | 0100 0001 

  0x0000024e000f466c: ;   {metadata(method data for {method} {0x0000024e133f8220} 'forceInterpretation' '()Z' in 'java/lang/invoke/LambdaForm')}
  0x0000024e000f466c: 48be 1891 | 0957 4e02 | 0000 8bbe | cc00 0000 | 83c7 0289 | becc 0000 | 0081 e7fe | ff1f 0085 
  0x0000024e000f468c: ff0f 8427 | 0500 008b | 7214 83fe 

  0x0000024e000f4698: ;   {metadata(method data for {method} {0x0000024e133f8220} 'forceInterpretation' '()Z' in 'java/lang/invoke/LambdaForm')}
  0x0000024e000f4698: ff48 be18 | 9109 574e | 0200 0048 | c7c7 1001 | 0000 7507 | 48c7 c720 | 0100 0048 | 8b1c 3e48 
  0x0000024e000f46b8: 8d5b 0148 | 891c 3e0f | 851a 0000 

  0x0000024e000f46c4: ;   {metadata(method data for {method} {0x0000024e133f8220} 'forceInterpretation' '()Z' in 'java/lang/invoke/LambdaForm')}
  0x0000024e000f46c4: 0048 be18 | 9109 574e | 0200 00ff | 8630 0100 | 00be 0100 | 0000 e905 | 0000 00be | 0000 0000 
  0x0000024e000f46e4: 83e6 0185 

  0x0000024e000f46e8: ;   {metadata(method data for {method} {0x0000024e1308e998} 'prepare' '()V' in 'java/lang/invoke/LambdaForm')}
  0x0000024e000f46e8: f648 be48 | b916 574e | 0200 0048 | c7c7 6801 | 0000 7507 | 48c7 c778 | 0100 0048 | 8b1c 3e48 
  0x0000024e000f4708: 8d5b 0148 | 891c 3e0f | 8574 0000 | 000f be72 

  0x0000024e000f4718: ;   {metadata(method data for {method} {0x0000024e1308e998} 'prepare' '()V' in 'java/lang/invoke/LambdaForm')}
  0x0000024e000f4718: 1985 f648 | be48 b916 | 574e 0200 | 0048 c7c7 | 8801 0000 | 7507 48c7 | c798 0100 | 0048 8b1c 
  0x0000024e000f4738: 3e48 8d5b | 0148 891c | 3e0f 8542 | 0000 0048 

  0x0000024e000f4748: ;   {metadata(method data for {method} {0x0000024e1308e998} 'prepare' '()V' in 'java/lang/invoke/LambdaForm')}
  0x0000024e000f4748: 8bf2 48bf | 48b9 1657 | 4e02 0000 

  0x0000024e000f4754: ;   {metadata('java/lang/invoke/LambdaForm')}
  0x0000024e000f4754: 49ba e0e2 | 0813 4e02 | 0000 4c89 | 97b8 0100 | 0048 8387 | c001 0000 | 0148 8bf2 | 488b d60f 
  0x0000024e000f4774: ;   {optimized virtual_call}
  0x0000024e000f4774: 1f40 00e8 

  0x0000024e000f4778: ; ImmutableOopMap {[56]=Oop }
                      ;*invokevirtual compileToBytecode {reexecute=0 rethrow=0 return_oop=0}
                      ; - java.lang.invoke.LambdaForm::prepare@21
  0x0000024e000f4778: 1905 0000 

  0x0000024e000f477c: ;   {other}
  0x0000024e000f477c: 0f1f 8400 | ec03 0000 | 488b 5424 | 388b 7228 

  0x0000024e000f478c: ;   {metadata(method data for {method} {0x0000024e1308e998} 'prepare' '()V' in 'java/lang/invoke/LambdaForm')}
  0x0000024e000f478c: 4885 f648 | be48 b916 | 574e 0200 | 0048 c7c7 | f001 0000 | 7507 48c7 | c7e0 0100 | 0048 8b1c 
  0x0000024e000f47ac: 3e48 8d5b | 0148 891c | 3e0f 85cb | 0300 0048 

  0x0000024e000f47bc: ;   {metadata(method data for {method} {0x0000024e1308e998} 'prepare' '()V' in 'java/lang/invoke/LambdaForm')}
  0x0000024e000f47bc: 8bf2 48bf | 48b9 1657 | 4e02 0000 

  0x0000024e000f47c8: ;   {metadata('java/lang/invoke/LambdaForm')}
  0x0000024e000f47c8: 49ba e0e2 | 0813 4e02 | 0000 4c89 | 9710 0200 | 0048 8387 | 1802 0000 | 0148 8bf2 

  0x0000024e000f47e4: ;   {optimized virtual_call}
  0x0000024e000f47e4: 488b d6e8 

  0x0000024e000f47e8: ; ImmutableOopMap {[56]=Oop }
                      ;*invokevirtual methodType {reexecute=0 rethrow=0 return_oop=0}
                      ; - java.lang.invoke.LambdaForm::prepare@33
  0x0000024e000f47e8: 949f 3a07 

  0x0000024e000f47ec: ;   {other}
  0x0000024e000f47ec: 0f1f 8400 | 5c04 0001 | 4889 4424 | 4048 3b00 

  0x0000024e000f47fc: ;   {metadata(method data for {method} {0x0000024e1308e998} 'prepare' '()V' in 'java/lang/invoke/LambdaForm')}
  0x0000024e000f47fc: 488b d048 | be48 b916 | 574e 0200 | 0048 8386 | 3802 0000 | 018b 5014 

  0x0000024e000f4814: ; implicit exception: dispatches to 0x0000024e000f4be0
  0x0000024e000f4814: 483b 0248 

  0x0000024e000f4818: ;   {metadata(method data for {method} {0x0000024e1308e998} 'prepare' '()V' in 'java/lang/invoke/LambdaForm')}
  0x0000024e000f4818: 8bf2 48bf | 48b9 1657 | 4e02 0000 | 4883 8770 | 0200 0001 

  0x0000024e000f482c: ;   {metadata(method data for {method} {0x0000024e133f70f0} 'cachedLambdaForm' '(I)Ljava/lang/invoke/LambdaForm;' in 'java/lang/invoke/MethodTypeForm')}
  0x0000024e000f482c: 48be 58c2 | 1657 4e02 | 0000 8bbe | cc00 0000 | 83c7 0289 | becc 0000 | 0081 e7fe | ff1f 0085 
  0x0000024e000f484c: ff0f 8492 | 0300 008b | 521c 8b72 | 0c83 fe06 | 0f86 a903 | 0000 8b52 | 2848 85d2 

  0x0000024e000f4868: ;   {metadata(method data for {method} {0x0000024e133f70f0} 'cachedLambdaForm' '(I)Ljava/lang/invoke/LambdaForm;' in 'java/lang/invoke/MethodTypeForm')}
  0x0000024e000f4868: 48be 58c2 | 1657 4e02 | 0000 48c7 | c710 0100 | 0074 0748 | c7c7 2001 | 0000 488b | 1c3e 488d 
  0x0000024e000f4888: 5b01 4889 | 1c3e 0f84 | a701 0000 

  0x0000024e000f4894: ; implicit exception: dispatches to 0x0000024e000f4c1d
  0x0000024e000f4894: 483b 0248 

  0x0000024e000f4898: ;   {metadata(method data for {method} {0x0000024e133f70f0} 'cachedLambdaForm' '(I)Ljava/lang/invoke/LambdaForm;' in 'java/lang/invoke/MethodTypeForm')}
  0x0000024e000f4898: 8bf2 48bf | 58c2 1657 | 4e02 0000 | 8b76 0849 | ba00 0000 | 134e 0200 | 0049 03f2 | 483b b740 
  0x0000024e000f48b8: 0100 0075 | 0d48 8387 | 4801 0000 | 01e9 6000 | 0000 483b | b750 0100 | 0075 0d48 | 8387 5801 
  0x0000024e000f48d8: 0000 01e9 | 4a00 0000 | 4883 bf40 | 0100 0000 | 7517 4889 | b740 0100 | 0048 c787 | 4801 0000 
  0x0000024e000f48f8: 0100 0000 | e929 0000 | 0048 83bf | 5001 0000 | 0075 1748 | 89b7 5001 | 0000 48c7 | 8758 0100 
  0x0000024e000f4918: 0001 0000 | 00e9 0800 | 0000 4883 | 8730 0100 | 0001 0f1f 

  0x0000024e000f492c: ;   {optimized virtual_call}
  0x0000024e000f492c: 4400 00e8 

  0x0000024e000f4930: ; ImmutableOopMap {[56]=Oop [64]=Oop }
                      ;*invokevirtual get {reexecute=0 rethrow=0 return_oop=0}
                      ; - java.lang.invoke.MethodTypeForm::cachedLambdaForm@12
                      ; - java.lang.invoke.LambdaForm::prepare@43
  0x0000024e000f4930: 4c9e 3a07 

  0x0000024e000f4934: ;   {other}
  0x0000024e000f4934: 0f1f 8400 | a405 0002 | 4885 c075 

  0x0000024e000f4940: ;   {metadata(method data for {method} {0x0000024e133f70f0} 'cachedLambdaForm' '(I)Ljava/lang/invoke/LambdaForm;' in 'java/lang/invoke/MethodTypeForm')}
  0x0000024e000f4940: 1648 bf58 | c216 574e | 0200 0080 | 8f61 0100 | 0001 e9cc 

  0x0000024e000f4954: ;   {metadata('java/lang/invoke/LambdaForm')}
  0x0000024e000f4954: 0000 0048 | bbe0 e208 | 134e 0200 | 008b 7008 | 49ba 0000 | 0013 4e02 | 0000 4903 | f248 3bde 
  0x0000024e000f4974: 0f85 8d00 

  0x0000024e000f4978: ;   {metadata(method data for {method} {0x0000024e133f70f0} 'cachedLambdaForm' '(I)Ljava/lang/invoke/LambdaForm;' in 'java/lang/invoke/MethodTypeForm')}
  0x0000024e000f4978: 0000 48bf | 58c2 1657 | 4e02 0000 | 8b58 0849 | ba00 0000 | 134e 0200 | 0049 03da | 483b 9f78 
  0x0000024e000f4998: 0100 0075 | 0d48 8387 | 8001 0000 | 01e9 7900 | 0000 483b | 9f88 0100 | 0075 0d48 | 8387 9001 
  0x0000024e000f49b8: 0000 01e9 | 6300 0000 | 4883 bf78 | 0100 0000 | 7517 4889 | 9f78 0100 | 0048 c787 | 8001 0000 
  0x0000024e000f49d8: 0100 0000 | e942 0000 | 0048 83bf | 8801 0000 | 0075 1748 | 899f 8801 | 0000 48c7 | 8790 0100 
  0x0000024e000f49f8: 0001 0000 | 00e9 2100 | 0000 e91c 

  0x0000024e000f4a04: ;   {metadata(method data for {method} {0x0000024e133f70f0} 'cachedLambdaForm' '(I)Ljava/lang/invoke/LambdaForm;' in 'java/lang/invoke/MethodTypeForm')}
  0x0000024e000f4a04: 0000 0048 | bf58 c216 | 574e 0200 | 0048 83af | 6801 0000 | 01e9 0402 | 0000 e900 | 0000 0048 
  0x0000024e000f4a24: ;   {metadata(method data for {method} {0x0000024e133f70f0} 'cachedLambdaForm' '(I)Ljava/lang/invoke/LambdaForm;' in 'java/lang/invoke/MethodTypeForm')}
  0x0000024e000f4a24: 8bd0 48be | 58c2 1657 | 4e02 0000 | ff86 a001 | 0000 e90a 

  0x0000024e000f4a38: ;   {oop(nullptr)}
  0x0000024e000f4a38: 0000 0048 | ba00 0000 | 0000 0000 | 0048 85d2 

  0x0000024e000f4a48: ;   {metadata(method data for {method} {0x0000024e1308e998} 'prepare' '()V' in 'java/lang/invoke/LambdaForm')}
  0x0000024e000f4a48: 48be 48b9 | 1657 4e02 | 0000 48c7 | c7a8 0200 | 0075 0748 | c7c7 b802 | 0000 488b | 1c3e 488d 
  0x0000024e000f4a68: 5b01 4889 | 1c3e 0f85 | db00 0000 

  0x0000024e000f4a74: ;   {metadata(method data for {method} {0x0000024e1308e998} 'prepare' '()V' in 'java/lang/invoke/LambdaForm')}
  0x0000024e000f4a74: 48ba 48b9 | 1657 4e02 | 0000 ff82 | c802 0000 | 488b 4424 

  0x0000024e000f4a88: ;   {metadata(method data for {method} {0x0000024e1308e998} 'prepare' '()V' in 'java/lang/invoke/LambdaForm')}
  0x0000024e000f4a88: 4048 ba48 | b916 574e | 0200 0048 | 8382 6003 | 0000 0148 

  0x0000024e000f4a9c: ;   {static_call}
  0x0000024e000f4a9c: 8bd0 90e8 

  0x0000024e000f4aa0: ; ImmutableOopMap {[56]=Oop [64]=Oop }
                      ;*invokestatic createBlankForType {reexecute=0 rethrow=0 return_oop=0}
                      ; - java.lang.invoke.LambdaForm::prepare@76
  0x0000024e000f4aa0: dca2 3a07 

  0x0000024e000f4aa4: ;   {other}
  0x0000024e000f4aa4: 0f1f 8400 | 1407 0003 

  0x0000024e000f4aac: ;   {metadata(method data for {method} {0x0000024e1308e998} 'prepare' '()V' in 'java/lang/invoke/LambdaForm')}
  0x0000024e000f4aac: 48ba 48b9 | 1657 4e02 | 0000 4883 | 8270 0300 | 0001 488b | 5424 4048 | 8944 2448 | 0f1f 8000 
  0x0000024e000f4acc: ;   {static_call}
  0x0000024e000f4acc: 0000 00e8 

  0x0000024e000f4ad0: ; ImmutableOopMap {[56]=Oop [64]=Oop [72]=Oop }
                      ;*invokestatic generateLambdaFormInterpreterEntryPoint {reexecute=0 rethrow=0 return_oop=0}
                      ; - java.lang.invoke.LambdaForm::prepare@82
  0x0000024e000f4ad0: aca2 3a07 

  0x0000024e000f4ad4: ;   {other}
  0x0000024e000f4ad4: 0f1f 8400 | 4407 0004 | 4c8b 4c24 | 484c 8bd0 

  0x0000024e000f4ae4: ; implicit exception: dispatches to 0x0000024e000f4c2b
  0x0000024e000f4ae4: 4589 5128 | 4d8d 0149 | c1e8 0948 | ba00 0031 | 7b4e 0200 | 0041 c604 | 1000 488b 

  0x0000024e000f4b00: ;   {metadata(method data for {method} {0x0000024e1308e998} 'prepare' '()V' in 'java/lang/invoke/LambdaForm')}
  0x0000024e000f4b00: 4424 4049 | b848 b916 | 574e 0200 | 0049 8380 | 8003 0000 | 0148 8b44 | 2440 8b50 | 1448 3b02 
  0x0000024e000f4b20: ;   {metadata(method data for {method} {0x0000024e1308e998} 'prepare' '()V' in 'java/lang/invoke/LambdaForm')}
  0x0000024e000f4b20: 4c8b c248 | be48 b916 | 574e 0200 | 0048 8386 | b803 0000 | 0141 b806 | 0000 000f 

  0x0000024e000f4b3c: ;   {optimized virtual_call}
  0x0000024e000f4b3c: 1f40 00e8 

  0x0000024e000f4b40: ; ImmutableOopMap {[56]=Oop }
                      ;*invokevirtual setCachedLambdaForm {reexecute=0 rethrow=0 return_oop=0}
                      ; - java.lang.invoke.LambdaForm::prepare@95
  0x0000024e000f4b40: 3c9c 3a07 

  0x0000024e000f4b44: ;   {other}
  0x0000024e000f4b44: 0f1f 8400 | b407 0005 | 488b d048 | 8b74 2438 

  0x0000024e000f4b54: ; implicit exception: dispatches to 0x0000024e000f4c35
  0x0000024e000f4b54: 8b7a 284c | 8bd7 4489 | 5628 488d | 3648 c1ee | 0948 bf00 | 0031 7b4e | 0200 00c6 | 043e 0048 
  0x0000024e000f4b74: 83c4 605d 

  0x0000024e000f4b78: ;   {poll_return}
  0x0000024e000f4b78: 493b a750 | 0400 000f | 87b5 0000 | 00c3 4883 

  0x0000024e000f4b88: ;   {poll_return}
  0x0000024e000f4b88: c460 5d49 | 3ba7 5004 | 0000 0f87 | b800 0000 

  0x0000024e000f4b98: ;   {metadata({method} {0x0000024e1308e998} 'prepare' '()V' in 'java/lang/invoke/LambdaForm')}
  0x0000024e000f4b98: c349 ba90 | e908 134e | 0200 004c | 8954 2408 | 48c7 0424 | ffff ffff 

  0x0000024e000f4bb0: ;   {runtime_call counter_overflow Runtime1 stub}
  0x0000024e000f4bb0: e84b 0e46 

  0x0000024e000f4bb4: ; ImmutableOopMap {rdx=Oop [56]=Oop }
                      ;*synchronization entry
                      ; - java.lang.invoke.LambdaForm::prepare@-1
  0x0000024e000f4bb4: 07e9 8dfa 

  0x0000024e000f4bb8: ;   {metadata({method} {0x0000024e133f8220} 'forceInterpretation' '()Z' in 'java/lang/invoke/LambdaForm')}
  0x0000024e000f4bb8: ffff 49ba | 1882 3f13 | 4e02 0000 | 4c89 5424 | 0848 c704 | 24ff ffff 

  0x0000024e000f4bd0: ;   {runtime_call counter_overflow Runtime1 stub}
  0x0000024e000f4bd0: ffe8 2a0e 

  0x0000024e000f4bd4: ; ImmutableOopMap {rdx=Oop [56]=Oop }
                      ;*synchronization entry
                      ; - java.lang.invoke.LambdaForm::forceInterpretation@-1
                      ; - java.lang.invoke.LambdaForm::prepare@7
  0x0000024e000f4bd4: 4607 e9b8 

  0x0000024e000f4bd8: ;   {runtime_call throw_null_pointer_exception Runtime1 stub}
  0x0000024e000f4bd8: faff ffe8 

  0x0000024e000f4bdc: ; ImmutableOopMap {rax=Oop [56]=Oop [64]=Oop }
                      ;*invokevirtual form {reexecute=0 rethrow=0 return_oop=0}
                      ; - java.lang.invoke.LambdaForm::prepare@38
  0x0000024e000f4bdc: 20b1 4507 

  0x0000024e000f4be0: ;   {runtime_call throw_null_pointer_exception Runtime1 stub}
  0x0000024e000f4be0: e81b b145 

  0x0000024e000f4be4: ; ImmutableOopMap {rax=Oop rdx=Oop [56]=Oop [64]=Oop }
                      ;*invokevirtual cachedLambdaForm {reexecute=0 rethrow=0 return_oop=0}
                      ; - java.lang.invoke.LambdaForm::prepare@43
                      ;   {metadata({method} {0x0000024e133f70f0} 'cachedLambdaForm' '(I)Ljava/lang/invoke/LambdaForm;' in 'java/lang/invoke/MethodTypeForm')}
  0x0000024e000f4be4: 0749 bae8 | 703f 134e | 0200 004c | 8954 2408 | 48c7 0424 | ffff ffff 

  0x0000024e000f4bfc: ;   {runtime_call counter_overflow Runtime1 stub}
  0x0000024e000f4bfc: e8ff 0d46 

  0x0000024e000f4c00: ; ImmutableOopMap {rax=Oop rdx=Oop [56]=Oop [64]=Oop }
                      ;*synchronization entry
                      ; - java.lang.invoke.MethodTypeForm::cachedLambdaForm@-1
                      ; - java.lang.invoke.LambdaForm::prepare@43
  0x0000024e000f4c00: 07e9 4dfc 

  0x0000024e000f4c04: ;   {runtime_call throw_null_pointer_exception Runtime1 stub}
  0x0000024e000f4c04: ffff e8f5 

  0x0000024e000f4c08: ; ImmutableOopMap {rax=Oop rdx=Oop [56]=Oop [64]=Oop }
                      ;*aaload {reexecute=0 rethrow=0 return_oop=0}
                      ; - java.lang.invoke.MethodTypeForm::cachedLambdaForm@5
                      ; - java.lang.invoke.LambdaForm::prepare@43
  0x0000024e000f4c08: b045 0748 | c704 2406 | 0000 0048 | 8954 2408 

  0x0000024e000f4c18: ;   {runtime_call throw_range_check_failed Runtime1 stub}
  0x0000024e000f4c18: e8e3 a745 

  0x0000024e000f4c1c: ; ImmutableOopMap {rax=Oop rdx=Oop [56]=Oop [64]=Oop }
                      ;*aaload {reexecute=0 rethrow=0 return_oop=0}
                      ; - java.lang.invoke.MethodTypeForm::cachedLambdaForm@5
                      ; - java.lang.invoke.LambdaForm::prepare@43
                      ;   {runtime_call throw_null_pointer_exception Runtime1 stub}
  0x0000024e000f4c1c: 07e8 deb0 

  0x0000024e000f4c20: ; ImmutableOopMap {rdx=Oop [56]=Oop [64]=Oop }
                      ;*invokevirtual get {reexecute=0 rethrow=0 return_oop=0}
                      ; - java.lang.invoke.MethodTypeForm::cachedLambdaForm@12
                      ; - java.lang.invoke.LambdaForm::prepare@43
  0x0000024e000f4c20: 4507 4889 

  0x0000024e000f4c24: ;   {runtime_call throw_class_cast_exception Runtime1 stub}
  0x0000024e000f4c24: 0424 e8d5 

  0x0000024e000f4c28: ; ImmutableOopMap {[56]=Oop [64]=Oop }
                      ;*checkcast {reexecute=0 rethrow=0 return_oop=0}
                      ; - java.lang.invoke.MethodTypeForm::cachedLambdaForm@15
                      ; - java.lang.invoke.LambdaForm::prepare@43
                      ;   {runtime_call throw_null_pointer_exception Runtime1 stub}
  0x0000024e000f4c28: d445 07e8 

  0x0000024e000f4c2c: ; ImmutableOopMap {r9=Oop [56]=Oop [64]=Oop }
                      ;*putfield vmentry {reexecute=1 rethrow=0 return_oop=0}
                      ; - (reexecute) java.lang.invoke.LambdaForm::prepare@85
  0x0000024e000f4c2c: d0b0 4507 

  0x0000024e000f4c30: ;   {runtime_call throw_null_pointer_exception Runtime1 stub}
  0x0000024e000f4c30: e8cb b045 

  0x0000024e000f4c34: ; ImmutableOopMap {r9=Oop rdx=Oop [56]=Oop }
                      ;*invokevirtual setCachedLambdaForm {reexecute=0 rethrow=0 return_oop=0}
                      ; - java.lang.invoke.LambdaForm::prepare@95
                      ;   {runtime_call throw_null_pointer_exception Runtime1 stub}
  0x0000024e000f4c34: 07e8 c6b0 

  0x0000024e000f4c38: ; ImmutableOopMap {rsi=Oop [56]=Oop }
                      ;*getfield vmentry {reexecute=1 rethrow=0 return_oop=0}
                      ; - (reexecute) java.lang.invoke.LambdaForm::prepare@101
                      ;   {internal_word}
  0x0000024e000f4c38: 4507 49ba | 784b 0f00 | 4e02 0000 | 4d89 9768 

  0x0000024e000f4c48: ;   {runtime_call SafepointBlob}
  0x0000024e000f4c48: 0400 00e9 | b0fe 3a07 

  0x0000024e000f4c50: ;   {internal_word}
  0x0000024e000f4c50: 49ba 8b4b | 0f00 4e02 | 0000 4d89 | 9768 0400 

  0x0000024e000f4c60: ;   {runtime_call SafepointBlob}
  0x0000024e000f4c60: 00e9 9afe | 3a07 498b | 8700 0500 | 0049 c787 | 0005 0000 | 0000 0000 | 49c7 8708 | 0500 0000 
  0x0000024e000f4c80: 0000 0048 | 83c4 605d 

  0x0000024e000f4c88: ;   {runtime_call unwind_exception Runtime1 stub}
  0x0000024e000f4c88: e973 a145 | 07f4 f4f4 
[Stub Code]
  0x0000024e000f4c90: ;   {no_reloc}
  0x0000024e000f4c90: 0f1f 4400 

  0x0000024e000f4c94: ;   {static_stub}
  0x0000024e000f4c94: 0048 bbe0 | e808 134e 

  0x0000024e000f4c9c: ;   {runtime_call I2C/C2I adapters}
  0x0000024e000f4c9c: 0200 00e9 | 3f8f 3a07 

  0x0000024e000f4ca4: ;   {static_stub}
  0x0000024e000f4ca4: 9048 bb00 | 0000 0000 

  0x0000024e000f4cac: ;   {runtime_call nmethod}
  0x0000024e000f4cac: 0000 00e9 | fbff ffff 

  0x0000024e000f4cb4: ;   {static_stub}
  0x0000024e000f4cb4: 9048 bb00 | 0000 0000 

  0x0000024e000f4cbc: ;   {runtime_call nmethod}
  0x0000024e000f4cbc: 0000 00e9 | fbff ffff 

  0x0000024e000f4cc4: ;   {static_stub}
  0x0000024e000f4cc4: 48bb 0000 | 0000 0000 

  0x0000024e000f4ccc: ;   {runtime_call nmethod}
  0x0000024e000f4ccc: 0000 e9fb 

  0x0000024e000f4cd0: ;   {static_stub}
  0x0000024e000f4cd0: ffff ff48 | bb00 0000 | 0000 0000 

  0x0000024e000f4cdc: ;   {runtime_call nmethod}
  0x0000024e000f4cdc: 00e9 fbff 

  0x0000024e000f4ce0: ;   {static_stub}
  0x0000024e000f4ce0: ffff 48bb | 0000 0000 | 0000 0000 

  0x0000024e000f4cec: ;   {runtime_call nmethod}
  0x0000024e000f4cec: e9fb ffff 

  0x0000024e000f4cf0: ;   {runtime_call handle_exception_from_callee Runtime1 stub}
  0x0000024e000f4cf0: ffe8 0ace 

  0x0000024e000f4cf4: ;   {external_word}
  0x0000024e000f4cf4: 4507 48b9 | 4063 4e06 | fc7f 0000 | 4883 e4f0 

  0x0000024e000f4d04: ;   {runtime_call}
  0x0000024e000f4d04: 48b8 d0c4 | 1006 fc7f | 0000 ffd0 

  0x0000024e000f4d10: ;   {section_word}
  0x0000024e000f4d10: f449 ba11 | 4d0f 004e | 0200 0041 

  0x0000024e000f4d1c: ;   {runtime_call DeoptimizationBlob}
  0x0000024e000f4d1c: 52e9 7ef0 | 3a07 f4f4 | f4f4 f4f4 
[/MachCode]


Compiled method (c1) 1212  661       3       java.lang.invoke.MethodHandle::<init> (37 bytes)
 total in heap  [0x0000024e000f3a10,0x0000024e000f4330] = 2336
 relocation     [0x0000024e000f3b70,0x0000024e000f3c10] = 160
 main code      [0x0000024e000f3c20,0x0000024e000f40b0] = 1168
 stub code      [0x0000024e000f40b0,0x0000024e000f4118] = 104
 metadata       [0x0000024e000f4118,0x0000024e000f4150] = 56
 scopes data    [0x0000024e000f4150,0x0000024e000f4200] = 176
 scopes pcs     [0x0000024e000f4200,0x0000024e000f4300] = 256
 dependencies   [0x0000024e000f4300,0x0000024e000f4318] = 24
 nul chk table  [0x0000024e000f4318,0x0000024e000f4330] = 24

[Constant Pool (empty)]

[MachCode]
[Entry Point]
  # {method} {0x0000024e13407e18} '<init>' '(Ljava/lang/invoke/MethodType;Ljava/lang/invoke/LambdaForm;)V' in 'java/lang/invoke/MethodHandle'
  # this:     rdx:rdx   = 'java/lang/invoke/MethodHandle'
  # parm0:    r8:r8     = 'java/lang/invoke/MethodType'
  # parm1:    r9:r9     = 'java/lang/invoke/LambdaForm'
  #           [sp+0x70]  (sp of caller)
  0x0000024e000f3c20: 448b 5208 | 49bb 0000 | 0013 4e02 | 0000 4d03 | d34c 3bd0 

  0x0000024e000f3c34: ;   {runtime_call ic_miss_stub}
  0x0000024e000f3c34: 0f85 46a8 | 3a07 660f | 1f44 0000 
[Verified Entry Point]
  0x0000024e000f3c40: 8984 2400 | 80ff ff55 | 4883 ec60 | 4181 7f20 | 0100 0000 

  0x0000024e000f3c54: ;   {runtime_call StubRoutines (final stubs)}
  0x0000024e000f3c54: 7405 e885 | 4d39 0748 | 8954 2430 

  0x0000024e000f3c60: ;   {metadata(method data for {method} {0x0000024e13407e18} '<init>' '(Ljava/lang/invoke/MethodType;Ljava/lang/invoke/LambdaForm;)V' in 'java/lang/invoke/MethodHandle')}
  0x0000024e000f3c60: 48be 78bd | 1657 4e02 | 0000 8bbe | cc00 0000 | 83c7 0289 | becc 0000 | 0081 e7fe | 0700 0085 
  0x0000024e000f3c80: ff0f 840f | 0300 0048 

  0x0000024e000f3c88: ;   {metadata(method data for {method} {0x0000024e13407e18} '<init>' '(Ljava/lang/invoke/MethodType;Ljava/lang/invoke/LambdaForm;)V' in 'java/lang/invoke/MethodHandle')}
  0x0000024e000f3c88: 8bf2 48bf | 78bd 1657 | 4e02 0000 | 4883 8710 | 0100 0001 

  0x0000024e000f3c9c: ;   {metadata(method data for {method} {0x0000024e134748b8} '<init>' '()V' in 'java/lang/Object')}
  0x0000024e000f3c9c: 48be 9067 | 0057 4e02 | 0000 8bbe | cc00 0000 | 83c7 0289 | becc 0000 | 0081 e7fe | ff1f 0085 
  0x0000024e000f3cbc: ff0f 84f4 

  0x0000024e000f3cc0: ;   {metadata(method data for {method} {0x0000024e13407e18} '<init>' '(Ljava/lang/invoke/MethodType;Ljava/lang/invoke/LambdaForm;)V' in 'java/lang/invoke/MethodHandle')}
  0x0000024e000f3cc0: 0200 0048 | be78 bd16 | 574e 0200 | 0048 8386 | 2001 0000 

  0x0000024e000f3cd4: ;   {metadata(method data for {method} {0x0000024e13055658} 'requireNonNull' '(Ljava/lang/Object;)Ljava/lang/Object;' in 'java/util/Objects')}
  0x0000024e000f3cd4: 0148 be70 | c300 574e | 0200 008b | becc 0000 | 0083 c702 | 89be cc00 | 0000 81e7 | feff 1f00 
  0x0000024e000f3cf4: 85ff 0f84 | dc02 0000 

  0x0000024e000f3cfc: ;   {metadata(method data for {method} {0x0000024e13055658} 'requireNonNull' '(Ljava/lang/Object;)Ljava/lang/Object;' in 'java/util/Objects')}
  0x0000024e000f3cfc: 4d85 c048 | be70 c300 | 574e 0200 | 0048 c7c7 | 2001 0000 | 7407 48c7 | c710 0100 | 0048 8b1c 
  0x0000024e000f3d1c: 3e48 8d5b | 0148 891c | 3e0f 84cb | 0100 004d | 8bd0 4489 | 5210 488d | 3248 c1ee | 0948 bf00 
  0x0000024e000f3d3c: 0031 7b4e | 0200 00c6 

  0x0000024e000f3d44: ;   {metadata(method data for {method} {0x0000024e13407e18} '<init>' '(Ljava/lang/invoke/MethodType;Ljava/lang/invoke/LambdaForm;)V' in 'java/lang/invoke/MethodHandle')}
  0x0000024e000f3d44: 043e 0048 | be78 bd16 | 574e 0200 | 0048 8386 | 6801 0000 

  0x0000024e000f3d58: ;   {metadata(method data for {method} {0x0000024e13055658} 'requireNonNull' '(Ljava/lang/Object;)Ljava/lang/Object;' in 'java/util/Objects')}
  0x0000024e000f3d58: 0148 be70 | c300 574e | 0200 008b | becc 0000 | 0083 c702 | 89be cc00 | 0000 81e7 | feff 1f00 
  0x0000024e000f3d78: 85ff 0f84 | 7902 0000 

  0x0000024e000f3d80: ;   {metadata(method data for {method} {0x0000024e13055658} 'requireNonNull' '(Ljava/lang/Object;)Ljava/lang/Object;' in 'java/util/Objects')}
  0x0000024e000f3d80: 4d85 c948 | be70 c300 | 574e 0200 | 0048 c7c7 | 2001 0000 | 7407 48c7 | c710 0100 | 0048 8b1c 
  0x0000024e000f3da0: 3e48 8d5b | 0148 891c | 3e0f 84b0 | 0000 0049 | 3b01 498b 

  0x0000024e000f3db4: ;   {metadata(method data for {method} {0x0000024e13407e18} '<init>' '(Ljava/lang/invoke/MethodType;Ljava/lang/invoke/LambdaForm;)V' in 'java/lang/invoke/MethodHandle')}
  0x0000024e000f3db4: f148 bf78 | bd16 574e 

  0x0000024e000f3dbc: ;   {metadata('java/lang/invoke/LambdaForm')}
  0x0000024e000f3dbc: 0200 0049 | bae0 e208 | 134e 0200 | 004c 8997 | c001 0000 | 4883 87c8 | 0100 0001 | 498b d10f 
  0x0000024e000f3ddc: ;   {optimized virtual_call}
  0x0000024e000f3ddc: 1f40 00e8 

  0x0000024e000f3de0: ; ImmutableOopMap {[48]=Oop }
                      ;*invokevirtual uncustomize {reexecute=0 rethrow=0 return_oop=0}
                      ; - java.lang.invoke.MethodHandle::<init>@23
  0x0000024e000f3de0: 1c55 fbff 

  0x0000024e000f3de4: ;   {other}
  0x0000024e000f3de4: 0f1f 8400 | d403 0000 | 488b 5424 | 304c 8bd0 | 4489 5214 | 488d 1248 | c1ea 0948 | be00 0031 
  0x0000024e000f3e04: 7b4e 0200 | 00c6 0432 | 0048 3b00 

  0x0000024e000f3e10: ;   {metadata(method data for {method} {0x0000024e13407e18} '<init>' '(Ljava/lang/invoke/MethodType;Ljava/lang/invoke/LambdaForm;)V' in 'java/lang/invoke/MethodHandle')}
  0x0000024e000f3e10: 488b d048 | be78 bd16 | 574e 0200 

  0x0000024e000f3e1c: ;   {metadata('java/lang/invoke/LambdaForm')}
  0x0000024e000f3e1c: 0049 bae0 | e208 134e | 0200 004c | 8996 f801 | 0000 4883 | 8600 0200 | 0001 488b | d066 0f1f 
  0x0000024e000f3e3c: ;   {optimized virtual_call}
  0x0000024e000f3e3c: 4400 00e8 

  0x0000024e000f3e40: ; ImmutableOopMap {}
                      ;*invokevirtual prepare {reexecute=0 rethrow=0 return_oop=0}
                      ; - java.lang.invoke.MethodHandle::<init>@33
  0x0000024e000f3e40: bc07 0000 

  0x0000024e000f3e44: ;   {other}
  0x0000024e000f3e44: 0f1f 8400 | 3404 0001 | 4883 c460 

  0x0000024e000f3e50: ;   {poll_return}
  0x0000024e000f3e50: 5d49 3ba7 | 5004 0000 | 0f87 c601 | 0000 c390 

  0x0000024e000f3e60: ;   {no_reloc}
  0x0000024e000f3e60: e9e4 0100 | 0000 0000 | 0000 498b | 87b8 0100 | 0048 8d78 | 3049 3bbf | c801 0000 | 0f87 d101 
  0x0000024e000f3e80: 0000 4989 | bfb8 0100 | 0048 c700 | 0100 0000 | 488b ca49 | ba00 0000 | 134e 0200 | 0049 2bca 
  0x0000024e000f3ea0: 8948 0848 | 33c9 8948 | 0c48 33c9 | 4889 4810 | 4889 4818 | 4889 4820 | 4889 4828 

  0x0000024e000f3ebc: ;   {metadata(method data for {method} {0x0000024e13055658} 'requireNonNull' '(Ljava/lang/Object;)Ljava/lang/Object;' in 'java/util/Objects')}
  0x0000024e000f3ebc: 488b d048 | be70 c300 | 574e 0200 | 0048 8386 | 3001 0000 | 0148 8bd0 | 4889 4424 | 3866 0f1f 
  0x0000024e000f3edc: ;   {optimized virtual_call}
  0x0000024e000f3edc: 4400 00e8 

  0x0000024e000f3ee0: ; ImmutableOopMap {[48]=Oop [56]=Oop }
                      ;*invokespecial <init> {reexecute=0 rethrow=0 return_oop=0}
                      ; - java.util.Objects::requireNonNull@8
                      ; - java.lang.invoke.MethodHandle::<init>@17
  0x0000024e000f3ee0: 9ca8 3a07 

  0x0000024e000f3ee4: ;   {other}
  0x0000024e000f3ee4: 0f1f 8400 | d404 0002 | 488b 4424 | 38e9 ad01 | 0000 4c89 | 4c24 480f | 1f44 0000 

  0x0000024e000f3f00: ;   {no_reloc}
  0x0000024e000f3f00: e96a 0100 | 0000 0000 | 0000 498b | 87b8 0100 | 0048 8d78 | 3049 3bbf | c801 0000 | 0f87 5701 
  0x0000024e000f3f20: 0000 4989 | bfb8 0100 | 0048 c700 | 0100 0000 | 488b ca49 | ba00 0000 | 134e 0200 | 0049 2bca 
  0x0000024e000f3f40: 8948 0848 | 33c9 8948 | 0c48 33c9 | 4889 4810 | 4889 4818 | 4889 4820 | 4889 4828 

  0x0000024e000f3f5c: ;   {metadata(method data for {method} {0x0000024e13055658} 'requireNonNull' '(Ljava/lang/Object;)Ljava/lang/Object;' in 'java/util/Objects')}
  0x0000024e000f3f5c: 488b d048 | be70 c300 | 574e 0200 | 0048 8386 | 3001 0000 | 0148 8bd0 | 4889 4424 | 4066 0f1f 
  0x0000024e000f3f7c: ;   {optimized virtual_call}
  0x0000024e000f3f7c: 4400 00e8 

  0x0000024e000f3f80: ; ImmutableOopMap {[48]=Oop [64]=Oop [72]=Oop }
                      ;*invokespecial <init> {reexecute=0 rethrow=0 return_oop=0}
                      ; - java.util.Objects::requireNonNull@8
                      ; - java.lang.invoke.MethodHandle::<init>@6
  0x0000024e000f3f80: fca7 3a07 

  0x0000024e000f3f84: ;   {other}
  0x0000024e000f3f84: 0f1f 8400 | 7405 0003 | 488b 4424 | 40e9 0d01 

  0x0000024e000f3f94: ;   {metadata({method} {0x0000024e13407e18} '<init>' '(Ljava/lang/invoke/MethodType;Ljava/lang/invoke/LambdaForm;)V' in 'java/lang/invoke/MethodHandle')}
  0x0000024e000f3f94: 0000 49ba | 107e 4013 | 4e02 0000 | 4c89 5424 | 0848 c704 | 24ff ffff 

  0x0000024e000f3fac: ;   {runtime_call counter_overflow Runtime1 stub}
  0x0000024e000f3fac: ffe8 4e1a 

  0x0000024e000f3fb0: ; ImmutableOopMap {rdx=Oop r8=Oop r9=Oop [48]=Oop }
                      ;*synchronization entry
                      ; - java.lang.invoke.MethodHandle::<init>@-1
  0x0000024e000f3fb0: 4607 e9d0 

  0x0000024e000f3fb4: ;   {metadata({method} {0x0000024e134748b8} '<init>' '()V' in 'java/lang/Object')}
  0x0000024e000f3fb4: fcff ff49 | bab0 4847 | 134e 0200 | 004c 8954 | 2408 48c7 | 0424 ffff 

  0x0000024e000f3fcc: ;   {runtime_call counter_overflow Runtime1 stub}
  0x0000024e000f3fcc: ffff e82d 

  0x0000024e000f3fd0: ; ImmutableOopMap {rdx=Oop r8=Oop r9=Oop [48]=Oop }
                      ;*synchronization entry
                      ; - java.lang.Object::<init>@-1
                      ; - java.lang.invoke.MethodHandle::<init>@1
  0x0000024e000f3fd0: 1a46 07e9 | ebfc ffff 

  0x0000024e000f3fd8: ;   {metadata({method} {0x0000024e13055658} 'requireNonNull' '(Ljava/lang/Object;)Ljava/lang/Object;' in 'java/util/Objects')}
  0x0000024e000f3fd8: 49ba 5056 | 0513 4e02 | 0000 4c89 | 5424 0848 | c704 24ff 

  0x0000024e000f3fec: ;   {runtime_call counter_overflow Runtime1 stub}
  0x0000024e000f3fec: ffff ffe8 

  0x0000024e000f3ff0: ; ImmutableOopMap {rdx=Oop r8=Oop r9=Oop [48]=Oop }
                      ;*synchronization entry
                      ; - java.util.Objects::requireNonNull@-1
                      ; - java.lang.invoke.MethodHandle::<init>@6
  0x0000024e000f3ff0: 0c1a 4607 | e903 fdff 

  0x0000024e000f3ff8: ;   {metadata({method} {0x0000024e13055658} 'requireNonNull' '(Ljava/lang/Object;)Ljava/lang/Object;' in 'java/util/Objects')}
  0x0000024e000f3ff8: ff49 ba50 | 5605 134e | 0200 004c | 8954 2408 | 48c7 0424 | ffff ffff 

  0x0000024e000f4010: ;   {runtime_call counter_overflow Runtime1 stub}
  0x0000024e000f4010: e8eb 1946 

  0x0000024e000f4014: ; ImmutableOopMap {rdx=Oop r9=Oop [48]=Oop }
                      ;*synchronization entry
                      ; - java.util.Objects::requireNonNull@-1
                      ; - java.lang.invoke.MethodHandle::<init>@17
  0x0000024e000f4014: 07e9 66fd 

  0x0000024e000f4018: ;   {runtime_call throw_null_pointer_exception Runtime1 stub}
  0x0000024e000f4018: ffff e8e1 

  0x0000024e000f401c: ; ImmutableOopMap {r9=Oop [48]=Oop }
                      ;*invokevirtual uncustomize {reexecute=0 rethrow=0 return_oop=0}
                      ; - java.lang.invoke.MethodHandle::<init>@23
                      ;   {runtime_call throw_null_pointer_exception Runtime1 stub}
  0x0000024e000f401c: bc45 07e8 

  0x0000024e000f4020: ; ImmutableOopMap {rax=Oop }
                      ;*invokevirtual prepare {reexecute=0 rethrow=0 return_oop=0}
                      ; - java.lang.invoke.MethodHandle::<init>@33
  0x0000024e000f4020: dcbc 4507 

  0x0000024e000f4024: ;   {internal_word}
  0x0000024e000f4024: 49ba 513e | 0f00 4e02 | 0000 4d89 | 9768 0400 

  0x0000024e000f4034: ;   {runtime_call SafepointBlob}
  0x0000024e000f4034: 00e9 c60a 

  0x0000024e000f4038: ;   {metadata(nullptr)}
  0x0000024e000f4038: 3b07 48ba | 0000 0000 | 0000 0000 | b800 0f05 

  0x0000024e000f4048: ;   {runtime_call load_klass_patching Runtime1 stub}
  0x0000024e000f4048: 0ae8 3206 

  0x0000024e000f404c: ; ImmutableOopMap {[48]=Oop }
                      ;*new {reexecute=1 rethrow=0 return_oop=0}
                      ; - (reexecute) java.util.Objects::requireNonNull@4
                      ; - java.lang.invoke.MethodHandle::<init>@17
  0x0000024e000f404c: 4607 e90d | feff ff48 

  0x0000024e000f4054: ;   {runtime_call fast_new_instance Runtime1 stub}
  0x0000024e000f4054: 8bd2 e8a5 

  0x0000024e000f4058: ; ImmutableOopMap {[48]=Oop }
                      ;*new {reexecute=0 rethrow=0 return_oop=0}
                      ; - java.util.Objects::requireNonNull@4
                      ; - java.lang.invoke.MethodHandle::<init>@17
  0x0000024e000f4058: c545 07e9 | 5cfe ffff 

  0x0000024e000f4060: ;   {metadata(nullptr)}
  0x0000024e000f4060: 48ba 0000 | 0000 0000 | 0000 b800 

  0x0000024e000f406c: ;   {runtime_call load_klass_patching Runtime1 stub}
  0x0000024e000f406c: 0f05 0ae8 

  0x0000024e000f4070: ; ImmutableOopMap {[48]=Oop [72]=Oop }
                      ;*new {reexecute=1 rethrow=0 return_oop=0}
                      ; - (reexecute) java.util.Objects::requireNonNull@4
                      ; - java.lang.invoke.MethodHandle::<init>@6
  0x0000024e000f4070: 0c06 4607 | e987 feff | ff48 8bd2 

  0x0000024e000f407c: ;   {runtime_call fast_new_instance Runtime1 stub}
  0x0000024e000f407c: e87f c545 

  0x0000024e000f4080: ; ImmutableOopMap {[48]=Oop [72]=Oop }
                      ;*new {reexecute=0 rethrow=0 return_oop=0}
                      ; - java.util.Objects::requireNonNull@4
                      ; - java.lang.invoke.MethodHandle::<init>@6
  0x0000024e000f4080: 07e9 d6fe | ffff 498b | 8700 0500 | 0049 c787 | 0005 0000 | 0000 0000 | 49c7 8708 | 0500 0000 
  0x0000024e000f40a0: 0000 0048 | 83c4 605d 

  0x0000024e000f40a8: ;   {runtime_call unwind_exception Runtime1 stub}
  0x0000024e000f40a8: e953 ad45 | 07f4 f4f4 
[Stub Code]
  0x0000024e000f40b0: ;   {no_reloc}
  0x0000024e000f40b0: 0f1f 4400 

  0x0000024e000f40b4: ;   {static_stub}
  0x0000024e000f40b4: 0048 bb00 | 0000 0000 

  0x0000024e000f40bc: ;   {runtime_call nmethod}
  0x0000024e000f40bc: 0000 00e9 | fbff ffff 

  0x0000024e000f40c4: ;   {static_stub}
  0x0000024e000f40c4: 9048 bb00 | 0000 0000 

  0x0000024e000f40cc: ;   {runtime_call nmethod}
  0x0000024e000f40cc: 0000 00e9 | fbff ffff 

  0x0000024e000f40d4: ;   {static_stub}
  0x0000024e000f40d4: 48bb 0000 | 0000 0000 

  0x0000024e000f40dc: ;   {runtime_call nmethod}
  0x0000024e000f40dc: 0000 e9fb 

  0x0000024e000f40e0: ;   {runtime_call handle_exception_from_callee Runtime1 stub}
  0x0000024e000f40e0: ffff ffe8 | 18da 4507 

  0x0000024e000f40e8: ;   {external_word}
  0x0000024e000f40e8: 48b9 4063 | 4e06 fc7f | 0000 4883 

  0x0000024e000f40f4: ;   {runtime_call}
  0x0000024e000f40f4: e4f0 48b8 | d0c4 1006 | fc7f 0000 

  0x0000024e000f4100: ;   {section_word}
  0x0000024e000f4100: ffd0 f449 | ba03 410f | 004e 0200 

  0x0000024e000f410c: ;   {runtime_call DeoptimizationBlob}
  0x0000024e000f410c: 0041 52e9 | 8cfc 3a07 | f4f4 f4f4 
[/MachCode]


---------------  P R O C E S S  ---------------

Threads class SMR info:
_java_thread_list=0x0000024e5656c520, length=16, elements={
0x0000024e7bd72b10, 0x0000024e7be143a0, 0x0000024e7f81e330, 0x0000024e7be191c0,
0x0000024e7be19c20, 0x0000024e7be1bbe0, 0x0000024e7be1fa00, 0x0000024e7be2bad0,
0x0000024e7be2cea0, 0x0000024e54cf1c60, 0x0000024e54cf2310, 0x0000024e54dddb50,
0x0000024e54dde200, 0x0000024e54e760f0, 0x0000024e54f2c230, 0x0000024e5655a830
}

Java Threads: ( => current thread )
=>0x0000024e7bd72b10 JavaThread "main"                              [_thread_in_vm, id=21568, stack(0x000000bd64a00000,0x000000bd64b00000) (1024K)]
  0x0000024e7be143a0 JavaThread "Reference Handler"          daemon [_thread_blocked, id=28616, stack(0x000000bd64e00000,0x000000bd64f00000) (1024K)]
  0x0000024e7f81e330 JavaThread "Finalizer"                  daemon [_thread_blocked, id=26308, stack(0x000000bd64f00000,0x000000bd65000000) (1024K)]
  0x0000024e7be191c0 JavaThread "Signal Dispatcher"          daemon [_thread_blocked, id=4116, stack(0x000000bd65000000,0x000000bd65100000) (1024K)]
  0x0000024e7be19c20 JavaThread "Attach Listener"            daemon [_thread_blocked, id=13216, stack(0x000000bd65100000,0x000000bd65200000) (1024K)]
  0x0000024e7be1bbe0 JavaThread "Service Thread"             daemon [_thread_blocked, id=26476, stack(0x000000bd65200000,0x000000bd65300000) (1024K)]
  0x0000024e7be1fa00 JavaThread "Monitor Deflation Thread"   daemon [_thread_blocked, id=14952, stack(0x000000bd65300000,0x000000bd65400000) (1024K)]
  0x0000024e7be2bad0 JavaThread "C2 CompilerThread0"         daemon [_thread_blocked, id=31804, stack(0x000000bd65400000,0x000000bd65500000) (1024K)]
  0x0000024e7be2cea0 JavaThread "C1 CompilerThread0"         daemon [_thread_blocked, id=12652, stack(0x000000bd65500000,0x000000bd65600000) (1024K)]
  0x0000024e54cf1c60 JavaThread "C1 CompilerThread1"         daemon [_thread_blocked, id=5848, stack(0x000000bd65600000,0x000000bd65700000) (1024K)]
  0x0000024e54cf2310 JavaThread "C1 CompilerThread2"         daemon [_thread_blocked, id=10376, stack(0x000000bd65700000,0x000000bd65800000) (1024K)]
  0x0000024e54dddb50 JavaThread "C2 CompilerThread1"         daemon [_thread_blocked, id=6596, stack(0x000000bd65800000,0x000000bd65900000) (1024K)]
  0x0000024e54dde200 JavaThread "C2 CompilerThread2"         daemon [_thread_blocked, id=29312, stack(0x000000bd65900000,0x000000bd65a00000) (1024K)]
  0x0000024e54e760f0 JavaThread "Common-Cleaner"             daemon [_thread_blocked, id=22812, stack(0x000000bd65a00000,0x000000bd65b00000) (1024K)]
  0x0000024e54f2c230 JavaThread "C1 CompilerThread3"         daemon [_thread_blocked, id=8652, stack(0x000000bd65b00000,0x000000bd65c00000) (1024K)]
  0x0000024e5655a830 JavaThread "Notification Thread"        daemon [_thread_blocked, id=34132, stack(0x000000bd65c00000,0x000000bd65d00000) (1024K)]
Total: 16

Other Threads:
  0x0000024e54c44ba0 VMThread "VM Thread"                           [id=29032, stack(0x000000bd64d00000,0x000000bd64e00000) (1024K)]
  0x0000024e7f6fba00 WatcherThread "VM Periodic Task Thread"        [id=22768, stack(0x000000bd64c00000,0x000000bd64d00000) (1024K)]
  0x0000024e7bd910f0 WorkerThread "GC Thread#0"                     [id=30252, stack(0x000000bd64b00000,0x000000bd64c00000) (1024K)]
Total: 3

Threads with active compile tasks:
Total: 0

VM state: not at safepoint (normal execution)

VM Mutex/Monitor currently owned by a thread:  ([mutex/lock_event])
[0x00007ffc0679d4f0] Metaspace_lock - owner thread: 0x0000024e7bd72b10

Heap address: 0x0000000080000000, size: 2048 MB, Compressed Oops mode: 32-bit

CDS archive(s) mapped at: [0x0000024e13000000-0x0000024e13ba0000-0x0000024e13ba0000), size 12189696, SharedBaseAddress: 0x0000024e13000000, ArchiveRelocationMode: 1.
Compressed class space mapped at: 0x0000024e14000000-0x0000024e54000000, reserved size: 1073741824
Narrow klass base: 0x0000024e13000000, Narrow klass shift: 0, Narrow klass range: 0x100000000

GC Precious Log:
 CardTable entry size: 512
 CPUs: 16 total, 16 available
 Memory: 16016M
 Large Page Support: Disabled
 NUMA Support: Disabled
 Compressed Oops: Enabled (32-bit)
 Alignments: Space 512K, Generation 512K, Heap 2M
 Heap Min Capacity: 100M
 Heap Initial Capacity: 100M
 Heap Max Capacity: 2G
 Pre-touch: Disabled
 Parallel Workers: 13

Heap:
 PSYoungGen      total 29696K, used 17069K [0x00000000d5580000, 0x00000000d7680000, 0x0000000100000000)
  eden space 25600K, 66% used [0x00000000d5580000,0x00000000d662b5c0,0x00000000d6e80000)
  from space 4096K, 0% used [0x00000000d7280000,0x00000000d7280000,0x00000000d7680000)
  to   space 4096K, 0% used [0x00000000d6e80000,0x00000000d6e80000,0x00000000d7280000)
 ParOldGen       total 68608K, used 0K [0x0000000080000000, 0x0000000084300000, 0x00000000d5580000)
  object space 68608K, 0% used [0x0000000080000000,0x0000000080000000,0x0000000084300000)
 Metaspace       used 3081K, committed 3200K, reserved 1114112K
  class space    used 314K, committed 384K, reserved 1048576K

Card table byte_map: [0x0000024e7b710000,0x0000024e7bb20000] _byte_map_base: 0x0000024e7b310000

Marking Bits: (ParMarkBitMap*) 0x00007ffc067a4460
 Begin Bits: [0x0000024e0f000000, 0x0000024e11000000)
 End Bits:   [0x0000024e11000000, 0x0000024e13000000)

Polling page: 0x0000024e79c10000

Metaspace:

Usage:
  Non-class:      2.70 MB used.
      Class:    314.80 KB used.
       Both:      3.01 MB used.

Virtual space:
  Non-class space:       64.00 MB reserved,       2.75 MB (  4%) committed,  1 nodes.
      Class space:        1.00 GB reserved,     384.00 KB ( <1%) committed,  1 nodes.
             Both:        1.06 GB reserved,       3.12 MB ( <1%) committed. 

Chunk freelists:
   Non-Class:  11.56 MB
       Class:  15.66 MB
        Both:  27.22 MB

MaxMetaspaceSize: unlimited
CompressedClassSpaceSize: 1.00 GB
Initial GC threshold: 21.00 MB
Current GC threshold: 21.00 MB
CDS: on
 - commit_granule_bytes: 65536.
 - commit_granule_words: 8192.
 - virtual_space_node_default_size: 8388608.
 - enlarge_chunks_in_place: 1.
 - use_allocation_guard: 0.


Internal statistics:

num_allocs_failed_limit: 0.
num_arena_births: 94.
num_arena_deaths: 0.
num_vsnodes_births: 2.
num_vsnodes_deaths: 0.
num_space_committed: 50.
num_space_uncommitted: 0.
num_chunks_returned_to_freelist: 0.
num_chunks_taken_from_freelist: 120.
num_chunk_merges: 0.
num_chunk_splits: 83.
num_chunks_enlarged: 50.
num_inconsistent_stats: 0.

CodeHeap 'non-profiled nmethods': size=119168Kb used=293Kb max_used=293Kb free=118874Kb
 bounds [0x0000024e07ba0000, 0x0000024e07e10000, 0x0000024e0f000000]
CodeHeap 'profiled nmethods': size=119104Kb used=1240Kb max_used=1240Kb free=117863Kb
 bounds [0x0000024e00000000, 0x0000024e00270000, 0x0000024e07450000]
CodeHeap 'non-nmethods': size=7488Kb used=2877Kb max_used=2907Kb free=4610Kb
 bounds [0x0000024e07450000, 0x0000024e07730000, 0x0000024e07ba0000]
CodeCache: size=245760Kb, used=4410Kb, max_used=4440Kb, free=241347Kb
 total_blobs=1256, nmethods=808, adapters=352, full_count=0
Compilation: enabled, stopped_count=0, restarted_count=0

Compilation events (20 events):
Event: 1.124 Thread 0x0000024e7be2cea0 nmethod 796 0x0000024e00131b10 code [0x0000024e00131ca0, 0x0000024e00131e00]
Event: 1.124 Thread 0x0000024e54cf2310 nmethod 795 0x0000024e00131e90 code [0x0000024e00132080, 0x0000024e001323a0]
Event: 1.125 Thread 0x0000024e7be2cea0  797       3       java.lang.Long::<init> (10 bytes)
Event: 1.125 Thread 0x0000024e7be2cea0 nmethod 797 0x0000024e00132510 code [0x0000024e001326c0, 0x0000024e00132888]
Event: 1.125 Thread 0x0000024e54dde200 nmethod 758 0x0000024e07be7190 code [0x0000024e07be73a0, 0x0000024e07be7a50]
Event: 1.126 Thread 0x0000024e7be2cea0  798       3       jdk.internal.org.objectweb.asm.Handler::getExceptionTableSize (10 bytes)
Event: 1.126 Thread 0x0000024e54f2c230  799       1       jdk.internal.org.objectweb.asm.MethodWriter::hasAsmInstructions (5 bytes)
Event: 1.126 Thread 0x0000024e54f2c230 nmethod 799 0x0000024e07be7e90 code [0x0000024e07be8020, 0x0000024e07be80f0]
Event: 1.126 Thread 0x0000024e7be2bad0  800       4       java.lang.invoke.MethodType::parameterType (7 bytes)
Event: 1.126 Thread 0x0000024e54cf2310  801       3       java.lang.invoke.MemberName::getInvocationType (56 bytes)
Event: 1.126 Thread 0x0000024e7be2cea0 nmethod 798 0x0000024e00132990 code [0x0000024e00132b40, 0x0000024e00132d38]
Event: 1.126 Thread 0x0000024e7be2cea0  805       1       java.lang.invoke.DirectMethodHandle::internalMemberName (5 bytes)
Event: 1.127 Thread 0x0000024e54cf1c60  806       3       java.lang.invoke.MethodTypeForm::canonicalizeAll (63 bytes)
Event: 1.127 Thread 0x0000024e7be2cea0 nmethod 805 0x0000024e07be8a90 code [0x0000024e07be8c20, 0x0000024e07be8ce8]
Event: 1.127 Thread 0x0000024e54cf2310 nmethod 801 0x0000024e00132e90 code [0x0000024e001330c0, 0x0000024e001338e0]
Event: 1.127 Thread 0x0000024e7be2bad0 nmethod 800 0x0000024e07be8d90 code [0x0000024e07be8f20, 0x0000024e07be8ff0]
Event: 1.127 Thread 0x0000024e54cf1c60 nmethod 806 0x0000024e00133b90 code [0x0000024e00133d80, 0x0000024e00134370]
Event: 1.127 Thread 0x0000024e54cf1c60  807       3       java.lang.invoke.MemberName$Factory::resolveOrFail (79 bytes)
Event: 1.128 Thread 0x0000024e54f2c230  810       3       java.util.Arrays::rangeCheck (74 bytes)
Event: 1.128 Thread 0x0000024e54cf1c60 nmethod 807 0x0000024e00134590 code [0x0000024e001347a0, 0x0000024e00134e58]

GC Heap History (0 events):
No events

Dll operation events (8 events):
Event: 0.102 Loaded shared library c:\Users\ASUS\.antigravity-ide\extensions\redhat.java-1.55.0-win32-x64\jre\21.0.11-win32-x86_64\bin\java.dll
Event: 0.300 Loaded shared library c:\Users\ASUS\.antigravity-ide\extensions\redhat.java-1.55.0-win32-x64\jre\21.0.11-win32-x86_64\bin\zip.dll
Event: 0.350 Loaded shared library C:\Users\ASUS\.antigravity-ide\extensions\redhat.java-1.55.0-win32-x64\jre\21.0.11-win32-x86_64\bin\instrument.dll
Event: 0.364 Loaded shared library C:\Users\ASUS\.antigravity-ide\extensions\redhat.java-1.55.0-win32-x64\jre\21.0.11-win32-x86_64\bin\net.dll
Event: 0.370 Loaded shared library C:\Users\ASUS\.antigravity-ide\extensions\redhat.java-1.55.0-win32-x64\jre\21.0.11-win32-x86_64\bin\nio.dll
Event: 0.375 Loaded shared library C:\Users\ASUS\.antigravity-ide\extensions\redhat.java-1.55.0-win32-x64\jre\21.0.11-win32-x86_64\bin\zip.dll
Event: 0.411 Loaded shared library C:\Users\ASUS\.antigravity-ide\extensions\redhat.java-1.55.0-win32-x64\jre\21.0.11-win32-x86_64\bin\jimage.dll
Event: 0.550 Loaded shared library c:\Users\ASUS\.antigravity-ide\extensions\redhat.java-1.55.0-win32-x64\jre\21.0.11-win32-x86_64\bin\verify.dll

Deoptimization events (20 events):
Event: 1.022 Thread 0x0000024e7bd72b10 DEOPT PACKING pc=0x0000024e00109104 sp=0x000000bd64afd900
Event: 1.022 Thread 0x0000024e7bd72b10 DEOPT UNPACKING pc=0x0000024e074a4242 sp=0x000000bd64afcd58 mode 0
Event: 1.022 Thread 0x0000024e7bd72b10 DEOPT PACKING pc=0x0000024e00109104 sp=0x000000bd64afd900
Event: 1.022 Thread 0x0000024e7bd72b10 DEOPT UNPACKING pc=0x0000024e074a4242 sp=0x000000bd64afcd58 mode 0
Event: 1.022 Thread 0x0000024e7bd72b10 DEOPT PACKING pc=0x0000024e00109104 sp=0x000000bd64afd870
Event: 1.022 Thread 0x0000024e7bd72b10 DEOPT UNPACKING pc=0x0000024e074a4242 sp=0x000000bd64afccc8 mode 0
Event: 1.022 Thread 0x0000024e7bd72b10 DEOPT PACKING pc=0x0000024e00109104 sp=0x000000bd64afd900
Event: 1.022 Thread 0x0000024e7bd72b10 DEOPT UNPACKING pc=0x0000024e074a4242 sp=0x000000bd64afcd58 mode 0
Event: 1.022 Thread 0x0000024e7bd72b10 DEOPT PACKING pc=0x0000024e00109104 sp=0x000000bd64afd900
Event: 1.022 Thread 0x0000024e7bd72b10 DEOPT UNPACKING pc=0x0000024e074a4242 sp=0x000000bd64afcd58 mode 0
Event: 1.022 Thread 0x0000024e7bd72b10 DEOPT PACKING pc=0x0000024e00109104 sp=0x000000bd64afd870
Event: 1.022 Thread 0x0000024e7bd72b10 DEOPT UNPACKING pc=0x0000024e074a4242 sp=0x000000bd64afccc8 mode 0
Event: 1.023 Thread 0x0000024e7bd72b10 DEOPT PACKING pc=0x0000024e00109104 sp=0x000000bd64afd900
Event: 1.023 Thread 0x0000024e7bd72b10 DEOPT UNPACKING pc=0x0000024e074a4242 sp=0x000000bd64afcd58 mode 0
Event: 1.023 Thread 0x0000024e7bd72b10 DEOPT PACKING pc=0x0000024e00109104 sp=0x000000bd64afd900
Event: 1.023 Thread 0x0000024e7bd72b10 DEOPT UNPACKING pc=0x0000024e074a4242 sp=0x000000bd64afcd58 mode 0
Event: 1.023 Thread 0x0000024e7bd72b10 Uncommon trap: trap_request=0xffffff6e fr.pc=0x0000024e07bdf59c relative=0x00000000000001fc
Event: 1.023 Thread 0x0000024e7bd72b10 Uncommon trap: reason=loop_limit_check action=maybe_recompile pc=0x0000024e07bdf59c method=java.math.BigInteger.implMulAdd([I[IIII)I @ 26 c2
Event: 1.023 Thread 0x0000024e7bd72b10 DEOPT PACKING pc=0x0000024e07bdf59c sp=0x000000bd64afd880
Event: 1.023 Thread 0x0000024e7bd72b10 DEOPT UNPACKING pc=0x0000024e074a3aa2 sp=0x000000bd64afd7d0 mode 2

Classes loaded (20 events):
Event: 1.059 Loading class java/net/URISyntaxException
Event: 1.060 Loading class java/net/URISyntaxException done
Event: 1.061 Loading class java/lang/SecurityException
Event: 1.062 Loading class java/lang/SecurityException done
Event: 1.062 Loading class java/security/Policy
Event: 1.063 Loading class java/security/Policy done
Event: 1.068 Loading class java/nio/file/attribute/PosixFilePermissions
Event: 1.068 Loading class java/nio/file/attribute/PosixFilePermissions done
Event: 1.068 Loading class java/nio/file/attribute/PosixFilePermission
Event: 1.068 Loading class java/nio/file/attribute/PosixFilePermission done
Event: 1.069 Loading class java/lang/Thread$ThreadNumbering
Event: 1.070 Loading class java/lang/Thread$ThreadNumbering done
Event: 1.076 Loading class java/net/URL$ThreadTrackHolder
Event: 1.076 Loading class java/net/URL$ThreadTrackHolder done
Event: 1.076 Loading class java/net/URL$2
Event: 1.076 Loading class java/net/URL$2 done
Event: 1.077 Loading class java/net/URL$1
Event: 1.077 Loading class java/net/URL$1 done
Event: 1.077 Loading class java/net/spi/URLStreamHandlerProvider
Event: 1.077 Loading class java/net/spi/URLStreamHandlerProvider done

Classes unloaded (0 events):
No events

Classes redefined (0 events):
No events

Internal exceptions (14 events):
Event: 0.286 Thread 0x0000024e7bd72b10 Exception <a 'java/lang/NoSuchMethodError'{0x00000000d5829f00}: 'void java.lang.invoke.DirectMethodHandle$Holder.invokeStatic(java.lang.Object, java.lang.Object, java.lang.Object)'> (0x00000000d5829f00) 
thrown [s\src\hotspot\share\interpreter\linkResolver.cpp, line 773]
Event: 0.396 Thread 0x0000024e7bd72b10 Exception <a 'java/lang/NoSuchMethodError'{0x00000000d5a13208}: 'java.lang.Object java.lang.invoke.Invokers$Holder.invokeExact_MT(java.lang.Object, java.lang.Object, java.lang.Object, java.lang.Object, java.lang.Object)'> (0x00000000d5a13208) 
thrown [s\src\hotspot\share\interpreter\linkResolver.cpp, line 773]
Event: 0.475 Thread 0x0000024e7bd72b10 Exception <a 'java/lang/NoSuchMethodError'{0x00000000d5acc308}: 'int java.lang.invoke.DirectMethodHandle$Holder.invokeSpecial(java.lang.Object, java.lang.Object, java.lang.Object, int)'> (0x00000000d5acc308) 
thrown [s\src\hotspot\share\interpreter\linkResolver.cpp, line 773]
Event: 0.480 Thread 0x0000024e7bd72b10 Exception <a 'java/lang/NoSuchMethodError'{0x00000000d5adecf0}: 'java.lang.Object java.lang.invoke.DirectMethodHandle$Holder.invokeStatic(java.lang.Object, java.lang.Object, java.lang.Object, java.lang.Object, int)'> (0x00000000d5adecf0) 
thrown [s\src\hotspot\share\interpreter\linkResolver.cpp, line 773]
Event: 0.483 Thread 0x0000024e7bd72b10 Exception <a 'java/lang/NoSuchMethodError'{0x00000000d5aea130}: 'void java.lang.invoke.DelegatingMethodHandle$Holder.reinvoke_L(java.lang.Object, java.lang.Object, java.lang.Object, int, java.lang.Object)'> (0x00000000d5aea130) 
thrown [s\src\hotspot\share\interpreter\linkResolver.cpp, line 773]
Event: 0.491 Thread 0x0000024e7bd72b10 Exception <a 'java/lang/NoSuchMethodError'{0x00000000d5afaa80}: 'int java.lang.invoke.DirectMethodHandle$Holder.invokeSpecial(java.lang.Object, java.lang.Object, java.lang.Object)'> (0x00000000d5afaa80) 
thrown [s\src\hotspot\share\interpreter\linkResolver.cpp, line 773]
Event: 0.495 Thread 0x0000024e7bd72b10 Exception <a 'java/lang/NoSuchMethodError'{0x00000000d5b06740}: 'java.lang.Object java.lang.invoke.DirectMethodHandle$Holder.invokeStatic(java.lang.Object, java.lang.Object, int)'> (0x00000000d5b06740) 
thrown [s\src\hotspot\share\interpreter\linkResolver.cpp, line 773]
Event: 0.496 Thread 0x0000024e7bd72b10 Exception <a 'java/lang/NoSuchMethodError'{0x00000000d5b0b090}: 'void java.lang.invoke.DirectMethodHandle$Holder.invokeStatic(java.lang.Object, java.lang.Object, int, java.lang.Object)'> (0x00000000d5b0b090) 
thrown [s\src\hotspot\share\interpreter\linkResolver.cpp, line 773]
Event: 0.496 Thread 0x0000024e7bd72b10 Exception <a 'java/lang/NoSuchMethodError'{0x00000000d5b0ec20}: 'void java.lang.invoke.DirectMethodHandle$Holder.invokeSpecial(java.lang.Object, java.lang.Object, java.lang.Object, int, java.lang.Object)'> (0x00000000d5b0ec20) 
thrown [s\src\hotspot\share\interpreter\linkResolver.cpp, line 773]
Event: 0.497 Thread 0x0000024e7bd72b10 Exception <a 'java/lang/NoSuchMethodError'{0x00000000d5b92320}: 'void java.lang.invoke.DelegatingMethodHandle$Holder.delegate(java.lang.Object, java.lang.Object, int, java.lang.Object)'> (0x00000000d5b92320) 
thrown [s\src\hotspot\share\interpreter\linkResolver.cpp, line 773]
Event: 0.586 Thread 0x0000024e7bd72b10 Exception <a 'java/lang/NoSuchMethodError'{0x00000000d5d53068}: 'void java.lang.invoke.DelegatingMethodHandle$Holder.reinvoke_L(java.lang.Object, java.lang.Object, java.lang.Object, int)'> (0x00000000d5d53068) 
thrown [s\src\hotspot\share\interpreter\linkResolver.cpp, line 773]
Event: 0.855 Thread 0x0000024e7bd72b10 Exception <a 'java/lang/NoSuchMethodError'{0x00000000d61e1490}: 'void java.lang.invoke.DirectMethodHandle$Holder.invokeVirtual(java.lang.Object, java.lang.Object)'> (0x00000000d61e1490) 
thrown [s\src\hotspot\share\interpreter\linkResolver.cpp, line 773]
Event: 1.072 Thread 0x0000024e7bd72b10 Exception <a 'java/lang/NoSuchMethodError'{0x00000000d65cb688}: 'void java.lang.invoke.DirectMethodHandle$Holder.invokeStatic(java.lang.Object, java.lang.Object)'> (0x00000000d65cb688) 
thrown [s\src\hotspot\share\interpreter\linkResolver.cpp, line 773]
Event: 1.085 Thread 0x0000024e7bd72b10 Exception <a 'java/lang/ClassNotFoundException'{0x00000000d65f3790}: sun/net/www/protocol/c/Handler> (0x00000000d65f3790) 
thrown [s\src\hotspot\share\classfile\systemDictionary.cpp, line 313]

ZGC Phase Switch (0 events):
No events

VM Operations (8 events):
Event: 0.293 Executing non-safepoint VM operation: HandshakeAllThreads (Deoptimize)
Event: 0.294 Executing non-safepoint VM operation: HandshakeAllThreads (Deoptimize) done
Event: 0.439 Executing non-safepoint VM operation: HandshakeAllThreads (Deoptimize)
Event: 0.439 Executing non-safepoint VM operation: HandshakeAllThreads (Deoptimize) done
Event: 1.036 Executing non-safepoint VM operation: HandshakeAllThreads (Deoptimize)
Event: 1.036 Executing non-safepoint VM operation: HandshakeAllThreads (Deoptimize) done
Event: 1.066 Executing non-safepoint VM operation: HandshakeAllThreads (Deoptimize)
Event: 1.066 Executing non-safepoint VM operation: HandshakeAllThreads (Deoptimize) done

Memory protections (0 events):
No events

Nmethod flushes (0 events):
No events

Events (16 events):
Event: 0.186 Thread 0x0000024e7bd72b10 Thread added: 0x0000024e7bd72b10
Event: 0.234 Thread 0x0000024e7bd72b10 Thread added: 0x0000024e7be143a0
Event: 0.235 Thread 0x0000024e7bd72b10 Thread added: 0x0000024e7f81e330
Event: 0.235 Thread 0x0000024e7bd72b10 Thread added: 0x0000024e7be191c0
Event: 0.235 Thread 0x0000024e7bd72b10 Thread added: 0x0000024e7be19c20
Event: 0.236 Thread 0x0000024e7bd72b10 Thread added: 0x0000024e7be1bbe0
Event: 0.236 Thread 0x0000024e7bd72b10 Thread added: 0x0000024e7be1fa00
Event: 0.236 Thread 0x0000024e7bd72b10 Thread added: 0x0000024e7be2bad0
Event: 0.236 Thread 0x0000024e7bd72b10 Thread added: 0x0000024e7be2cea0
Event: 0.245 Thread 0x0000024e7be2cea0 Thread added: 0x0000024e54cf1c60
Event: 0.245 Thread 0x0000024e7be2cea0 Thread added: 0x0000024e54cf2310
Event: 0.314 Thread 0x0000024e54cf2310 Thread added: 0x0000024e54dddb50
Event: 0.314 Thread 0x0000024e54cf2310 Thread added: 0x0000024e54dde200
Event: 0.356 Thread 0x0000024e7bd72b10 Thread added: 0x0000024e54e760f0
Event: 0.428 Thread 0x0000024e54cf1c60 Thread added: 0x0000024e54f2c230
Event: 0.719 Thread 0x0000024e7bd72b10 Thread added: 0x0000024e5655a830


Dynamic libraries:
0x00007ff63c750000 - 0x00007ff63c75e000 	c:\Users\ASUS\.antigravity-ide\extensions\redhat.java-1.55.0-win32-x64\jre\21.0.11-win32-x86_64\bin\java.exe
0x00007ffcc2a60000 - 0x00007ffcc2cc6000 	C:\WINDOWS\SYSTEM32\ntdll.dll
0x00007ffcc0f10000 - 0x00007ffcc0fd9000 	C:\WINDOWS\System32\KERNEL32.DLL
0x00007ffcbfed0000 - 0x00007ffcc02ca000 	C:\WINDOWS\System32\KERNELBASE.dll
0x00007ffcc0680000 - 0x00007ffcc07cc000 	C:\WINDOWS\System32\ucrtbase.dll
0x00007ffc801b0000 - 0x00007ffc801c8000 	c:\Users\ASUS\.antigravity-ide\extensions\redhat.java-1.55.0-win32-x64\jre\21.0.11-win32-x86_64\bin\jli.dll
0x00007ffcc21a0000 - 0x00007ffcc2367000 	C:\WINDOWS\System32\USER32.dll
0x00007ffcc0650000 - 0x00007ffcc0677000 	C:\WINDOWS\System32\win32u.dll
0x00007ffcc2370000 - 0x00007ffcc239b000 	C:\WINDOWS\System32\GDI32.dll
0x00007ffcbfda0000 - 0x00007ffcbfecb000 	C:\WINDOWS\System32\gdi32full.dll
0x00007ffcbfcf0000 - 0x00007ffcbfd93000 	C:\WINDOWS\System32\msvcp_win.dll
0x00007ffca6500000 - 0x00007ffca6792000 	C:\WINDOWS\WinSxS\amd64_microsoft.windows.common-controls_6595b64144ccf1df_6.0.26100.8521_none_3e08b75ce33403b3\COMCTL32.dll
0x00007ffcc26a0000 - 0x00007ffcc2749000 	C:\WINDOWS\System32\msvcrt.dll
0x00007ffc787f0000 - 0x00007ffc7880e000 	c:\Users\ASUS\.antigravity-ide\extensions\redhat.java-1.55.0-win32-x64\jre\21.0.11-win32-x86_64\bin\VCRUNTIME140.dll
0x00007ffcc0860000 - 0x00007ffcc0892000 	C:\WINDOWS\System32\IMM32.DLL
0x00007ffca5110000 - 0x00007ffca511c000 	c:\Users\ASUS\.antigravity-ide\extensions\redhat.java-1.55.0-win32-x64\jre\21.0.11-win32-x86_64\bin\vcruntime140_1.dll
0x00007ffc570f0000 - 0x00007ffc5717d000 	c:\Users\ASUS\.antigravity-ide\extensions\redhat.java-1.55.0-win32-x64\jre\21.0.11-win32-x86_64\bin\msvcp140.dll
0x00007ffc05ae0000 - 0x00007ffc06882000 	c:\Users\ASUS\.antigravity-ide\extensions\redhat.java-1.55.0-win32-x64\jre\21.0.11-win32-x86_64\bin\server\jvm.dll
0x00007ffcc2000000 - 0x00007ffcc20b6000 	C:\WINDOWS\System32\ADVAPI32.dll
0x00007ffcc08a0000 - 0x00007ffcc094a000 	C:\WINDOWS\System32\sechost.dll
0x00007ffcc2580000 - 0x00007ffcc2698000 	C:\WINDOWS\System32\RPCRT4.dll
0x00007ffcc07d0000 - 0x00007ffcc0850000 	C:\WINDOWS\System32\WS2_32.dll
0x00007ffcbfb70000 - 0x00007ffcbfbce000 	C:\WINDOWS\SYSTEM32\POWRPROF.dll
0x00007ffca7fa0000 - 0x00007ffca7fab000 	C:\WINDOWS\SYSTEM32\VERSION.dll
0x00007ffcb4c80000 - 0x00007ffcb4cb6000 	C:\WINDOWS\SYSTEM32\WINMM.dll
0x00007ffcbfb50000 - 0x00007ffcbfb64000 	C:\WINDOWS\SYSTEM32\UMPDC.dll
0x00007ffcbea50000 - 0x00007ffcbea6b000 	C:\WINDOWS\SYSTEM32\kernel.appcore.dll
0x00007ffc9d670000 - 0x00007ffc9d67a000 	c:\Users\ASUS\.antigravity-ide\extensions\redhat.java-1.55.0-win32-x64\jre\21.0.11-win32-x86_64\bin\jimage.dll
0x00007ffcbd360000 - 0x00007ffcbd5a2000 	C:\WINDOWS\SYSTEM32\DBGHELP.DLL
0x00007ffcc1c70000 - 0x00007ffcc1ff3000 	C:\WINDOWS\System32\combase.dll
0x00007ffcc20c0000 - 0x00007ffcc2199000 	C:\WINDOWS\System32\OLEAUT32.dll
0x00007ffca52c0000 - 0x00007ffca52fb000 	C:\WINDOWS\SYSTEM32\dbgcore.DLL
0x00007ffcc04e0000 - 0x00007ffcc0588000 	C:\WINDOWS\System32\bcryptPrimitives.dll
0x00007ffc9ccd0000 - 0x00007ffc9ccdf000 	c:\Users\ASUS\.antigravity-ide\extensions\redhat.java-1.55.0-win32-x64\jre\21.0.11-win32-x86_64\bin\instrument.dll
0x00007ffc787d0000 - 0x00007ffc787f0000 	c:\Users\ASUS\.antigravity-ide\extensions\redhat.java-1.55.0-win32-x64\jre\21.0.11-win32-x86_64\bin\java.dll
0x00007ffcc1060000 - 0x00007ffcc17e4000 	C:\WINDOWS\System32\SHELL32.dll
0x00007ffcbd870000 - 0x00007ffcbe0f0000 	C:\WINDOWS\SYSTEM32\windows.storage.dll
0x00007ffcc0950000 - 0x00007ffcc0a46000 	C:\WINDOWS\System32\SHCORE.dll
0x00007ffcc23c0000 - 0x00007ffcc2427000 	C:\WINDOWS\System32\shlwapi.dll
0x00007ffcbfc10000 - 0x00007ffcbfc39000 	C:\WINDOWS\SYSTEM32\profapi.dll
0x00007ffca4cc0000 - 0x00007ffca4cd8000 	c:\Users\ASUS\.antigravity-ide\extensions\redhat.java-1.55.0-win32-x64\jre\21.0.11-win32-x86_64\bin\zip.dll
0x00007ffc98060000 - 0x00007ffc98070000 	C:\Users\ASUS\.antigravity-ide\extensions\redhat.java-1.55.0-win32-x64\jre\21.0.11-win32-x86_64\bin\net.dll
0x00007ffcb6ae0000 - 0x00007ffcb6c09000 	C:\WINDOWS\SYSTEM32\WINHTTP.dll
0x00007ffcbeff0000 - 0x00007ffcbf05c000 	C:\WINDOWS\system32\mswsock.dll
0x00007ffc80a70000 - 0x00007ffc80a86000 	C:\Users\ASUS\.antigravity-ide\extensions\redhat.java-1.55.0-win32-x64\jre\21.0.11-win32-x86_64\bin\nio.dll
0x00007ffc98030000 - 0x00007ffc98040000 	c:\Users\ASUS\.antigravity-ide\extensions\redhat.java-1.55.0-win32-x64\jre\21.0.11-win32-x86_64\bin\verify.dll

JVMTI agents:
c:\Users\ASUS\.antigravity-ide\extensions\redhat.java-1.55.0-win32-x64\lombok\lombok-1.18.39-4050.jar path:c:\Users\ASUS\.antigravity-ide\extensions\redhat.java-1.55.0-win32-x64\jre\21.0.11-win32-x86_64\bin\instrument.dll, loaded, initialized, instrumentlib options:none

dbghelp: loaded successfully - version: 4.0.5 - missing functions: none
symbol engine: initialized successfully - sym options: 0x614 - pdb path: .;c:\Users\ASUS\.antigravity-ide\extensions\redhat.java-1.55.0-win32-x64\jre\21.0.11-win32-x86_64\bin;C:\WINDOWS\SYSTEM32;C:\WINDOWS\WinSxS\amd64_microsoft.windows.common-controls_6595b64144ccf1df_6.0.26100.8521_none_3e08b75ce33403b3;c:\Users\ASUS\.antigravity-ide\extensions\redhat.java-1.55.0-win32-x64\jre\21.0.11-win32-x86_64\bin\server

VM Arguments:
jvm_args: --add-modules=ALL-SYSTEM --add-opens=java.base/java.util=ALL-UNNAMED --add-opens=java.base/java.lang=ALL-UNNAMED --add-opens=java.base/sun.nio.fs=ALL-UNNAMED -Declipse.application=org.eclipse.jdt.ls.core.id1 -Dosgi.bundles.defaultStartLevel=4 -Declipse.product=org.eclipse.jdt.ls.core.product -Djava.import.generatesMetadataFilesAtProjectRoot=false -DDetectVMInstallationsJob.disabled=true -Dfile.encoding=utf8 -XX:+UseParallelGC -XX:GCTimeRatio=4 -XX:AdaptiveSizePolicyWeight=90 -Dsun.zip.disableMemoryMapping=true -Xmx2G -Xms100m -Xlog:disable -javaagent:c:\Users\ASUS\.antigravity-ide\extensions\redhat.java-1.55.0-win32-x64\lombok\lombok-1.18.39-4050.jar 
java_command: c:\Users\ASUS\.antigravity-ide\extensions\redhat.java-1.55.0-win32-x64\server\plugins\org.eclipse.equinox.launcher_1.7.200.v20260619-2039.jar -configuration c:\Users\ASUS\AppData\Roaming\Antigravity IDE\User\globalStorage\redhat.java\1.55.0\config_ss_win -data c:\Users\ASUS\AppData\Roaming\Antigravity IDE\User\workspaceStorage\f5e80974f7f325b62ac5615d53aaf365\redhat.java\ss_ws --pipe=\\.\pipe\lsp-a9504e836ebe84066f47efe52e0d00b0-sock
java_class_path (initial): c:\Users\ASUS\.antigravity-ide\extensions\redhat.java-1.55.0-win32-x64\server\plugins\org.eclipse.equinox.launcher_1.7.200.v20260619-2039.jar
Launcher Type: SUN_STANDARD

[Global flags]
    uintx AdaptiveSizePolicyWeight                 = 90                                        {product} {command line}
     intx CICompilerCount                          = 12                                        {product} {ergonomic}
    uintx GCTimeRatio                              = 4                                         {product} {command line}
   size_t InitialHeapSize                          = 104857600                                 {product} {command line}
   size_t MaxHeapSize                              = 2147483648                                {product} {command line}
   size_t MaxNewSize                               = 715653120                                 {product} {ergonomic}
   size_t MinHeapDeltaBytes                        = 524288                                    {product} {ergonomic}
   size_t MinHeapSize                              = 104857600                                 {product} {command line}
   size_t NewSize                                  = 34603008                                  {product} {ergonomic}
    uintx NonNMethodCodeHeapSize                   = 7602480                                {pd product} {ergonomic}
    uintx NonProfiledCodeHeapSize                  = 122027880                              {pd product} {ergonomic}
   size_t OldSize                                  = 70254592                                  {product} {ergonomic}
    uintx ProfiledCodeHeapSize                     = 122027880                              {pd product} {ergonomic}
    uintx ReservedCodeCacheSize                    = 251658240                              {pd product} {ergonomic}
     bool SegmentedCodeCache                       = true                                      {product} {ergonomic}
   size_t SoftMaxHeapSize                          = 2147483648                             {manageable} {ergonomic}
     bool UseCompressedOops                        = true                           {product lp64_product} {ergonomic}
     bool UseLargePagesIndividualAllocation        = false                                  {pd product} {ergonomic}
     bool UseParallelGC                            = true                                      {product} {command line}

Logging:
Log output configuration:
 #0: stdout all=off uptime,level,tags foldmultilines=false
 #1: stderr all=off uptime,level,tags foldmultilines=false

Release file:
JAVA_VERSION="21.0.11" 
MODULES="java.base java.compiler java.datatransfer java.xml java.prefs java.desktop java.instrument java.logging java.management java.security.sasl java.naming java.rmi java.management.rmi java.net.http java.scripting java.security.jgss java.transaction.xa java.sql java.sql.rowset java.xml.crypto java.se java.smartcardio jdk.accessibility jdk.internal.jvmstat jdk.attach jdk.charsets jdk.internal.opt jdk.zipfs jdk.compiler jdk.crypto.ec jdk.crypto.cryptoki jdk.crypto.mscapi jdk.dynalink jdk.internal.ed jdk.editpad jdk.hotspot.agent jdk.httpserver jdk.internal.le jdk.internal.vm.ci jdk.internal.vm.compiler jdk.internal.vm.compiler.management jdk.jartool jdk.javadoc jdk.jcmd jdk.management jdk.management.agent jdk.jconsole jdk.jdeps jdk.jdwp.agent jdk.jdi jdk.jfr jdk.jshell jdk.jsobject jdk.jstatd jdk.localedata jdk.management.jfr jdk.naming.dns jdk.naming.rmi jdk.net jdk.nio.mapmode jdk.random jdk.sctp jdk.security.auth jdk.security.jgss jdk.unsupported jdk.unsupported.desktop jdk.xml.dom" 

Environment Variables:
JAVA_HOME=C:\Program Files\Java\jdk-17.0.5
PATH=d:\cursor\resources\app\bin;C:\Program Files\Common Files\Oracle\Java\javapath;C:\Program Files\Java\jdk-1.8\bin;C:\WINDOWS\system32;C:\WINDOWS;C:\WINDOWS\System32\Wbem;C:\WINDOWS\System32\WindowsPowerShell\v1.0\;C:\WINDOWS\System32\OpenSSH\;C:\Program Files (x86)\Microsoft SQL Server\160\Tools\Binn\;C:\Program Files\Microsoft SQL Server\160\Tools\Binn\;C:\Program Files\Microsoft SQL Server\Client SDK\ODBC\170\Tools\Binn\;C:\Program Files\Microsoft SQL Server\160\DTS\Binn\;C:\Program Files\Java\jdk-23\bin;C:\Users\ASUS\AppData\Local\Programs\Python\Python313\Scripts\;C:\Users\ASUS\AppData\Local\Programs\Python\Python313\;C:\Users\ASUS\AppData\Local\Microsoft\WindowsApps;C:\Users\ASUS\AppData\Local\GitHubDesktop\bin;C:\Program Files\JetBrains\IntelliJ IDEA 2024.3\bin;C:\Users\ASUS\.dotnet\tools;C:\Program Files\nodejs\;C:\Program Files\Git\cmd;C:\Program Files\Microsoft SQL Server\150\Tools\Binn\;C:\WINDOWS\system32;C:\WINDOWS;C:\WINDOWS\System32\Wbem;C:\WINDOWS\System32\WindowsPowerShell\v1.0\;C:\WINDOWS\System32\OpenSSH\;C:\ProgramData\chocolatey\bin;C:\ProgramData\chocolatey\lib\maven\apache-maven-3.9.16\bin;C:\Program Files\MySQL\MySQL Shell 8.0\bin\;C:\Users\ASUS\AppData\Local\Programs\Python\Python313\Scripts\;C:\Users\ASUS\AppData\Local\Programs\Python\Python313\;C:\Users\ASUS\AppData\Local\Microsoft\WindowsApps;C:\Users\ASUS\AppData\Local\Programs\Microsoft VS Code\bin;C:\Users\ASUS\AppData\Local\GitHubDesktop\bin;C:\Program Files\JetBrains\IntelliJ IDEA 2024.3\bin;C:\Users\ASUS\.dotnet\tools;C:\Users\ASUS\AppData\Roaming\npm;C:\Users\ASUS\.ballerina\ballerina-home\bin;C:\Users\ASUS\flutter\flutter\bin;C:\Users\ASUS\AppData\Local\Programs\Antigravity\bin;C:\Users\ASUS\AppData\Local\Microsoft\WindowsApps;C:\Users\ASUS\AppData\Local\Programs\cursor\resources\app\bin;C:\Users\ASUS\AppData\Local\Programs\Antigravity IDE\bin;C:\Users\ASUS\AppData\Local\Programs\mongosh\
USERNAME=ASUS
OS=Windows_NT
PROCESSOR_IDENTIFIER=Intel64 Family 6 Model 186 Stepping 2, GenuineIntel
TMP=C:\Users\ASUS\AppData\Local\Temp
TEMP=C:\Users\ASUS\AppData\Local\Temp




Periodic native trim disabled

---------------  S Y S T E M  ---------------

OS:
 Windows 11 , 64 bit Build 26100 (10.0.26100.8521)
OS uptime: 7 days 15:55 hours
Hyper-V role detected

CPU: total 16 (initial active 16) (8 cores per cpu, 2 threads per core) family 6 model 186 stepping 2 microcode 0x4124, cx8, cmov, fxsr, ht, mmx, 3dnowpref, sse, sse2, sse3, ssse3, sse4.1, sse4.2, popcnt, lzcnt, tsc, tscinvbit, avx, avx2, aes, erms, clmul, bmi1, bmi2, adx, sha, fma, vzeroupper, clflush, clflushopt, clwb, hv, serialize, rdtscp, rdpid, fsrm, f16c, cet_ibt, cet_ss
Processor Information for processor 0
  Max Mhz: 2600, Current Mhz: 1496, Mhz Limit: 2600
Processor Information for processor 1
  Max Mhz: 2600, Current Mhz: 1496, Mhz Limit: 2600
Processor Information for processor 2
  Max Mhz: 2600, Current Mhz: 1496, Mhz Limit: 2600
Processor Information for processor 3
  Max Mhz: 2600, Current Mhz: 1496, Mhz Limit: 2600
Processor Information for processor 4
  Max Mhz: 2600, Current Mhz: 1496, Mhz Limit: 2600
Processor Information for processor 5
  Max Mhz: 2600, Current Mhz: 1496, Mhz Limit: 2600
Processor Information for processor 6
  Max Mhz: 2600, Current Mhz: 1496, Mhz Limit: 2600
Processor Information for processor 7
  Max Mhz: 2600, Current Mhz: 1496, Mhz Limit: 2600
Processor Information for processor 8
  Max Mhz: 2600, Current Mhz: 1500, Mhz Limit: 1898
Processor Information for processor 9
  Max Mhz: 2600, Current Mhz: 1500, Mhz Limit: 1898
Processor Information for processor 10
  Max Mhz: 2600, Current Mhz: 1500, Mhz Limit: 1898
Processor Information for processor 11
  Max Mhz: 2600, Current Mhz: 1500, Mhz Limit: 1898
Processor Information for processor 12
  Max Mhz: 2600, Current Mhz: 1500, Mhz Limit: 1898
Processor Information for processor 13
  Max Mhz: 2600, Current Mhz: 1500, Mhz Limit: 1898
Processor Information for processor 14
  Max Mhz: 2600, Current Mhz: 1500, Mhz Limit: 1898
Processor Information for processor 15
  Max Mhz: 2600, Current Mhz: 1500, Mhz Limit: 1898

Memory: 4k page, system-wide physical 16016M (1334M free)
TotalPageFile size 23873M (AvailPageFile size 9M)
current process WorkingSet (physical memory assigned to process): 66M, peak: 67M
current process commit charge ("private bytes"): 251M, peak: 252M

vm_info: OpenJDK 64-Bit Server VM (21.0.11+10-LTS) for windows-amd64 JRE (21.0.11+10-LTS), built on 2026-04-21T00:00:00Z by "admin" with MS VC++ 17.12 (VS2022)

END.
